<html>
<body>
<pre>
<h1>µVision Build Log</h1>
<h2>Project:</h2>
D:\Develop\RING\code\ring_code\ringb_s110\ringb.uvprojx
Project File Date:  02/28/2015

<h2>Output:</h2>
Rebuild target 'nrf51822'
compiling ble_bas.c...
compiling ble_dis.c...
compiling ble_hrs.c...
compiling battery.c...
compiling led.c...
compiling main.c...
compiling app_button.c...
compiling app_gpiote.c...
compiling app_timer.c...
compiling app_trace.c...
compiling ble_advdata.c...
compiling ble_conn_params.c...
compiling ble_debug_assert_handler.c...
compiling ble_error_log.c...
compiling ble_srv_common.c...
compiling crc16.c...
compiling device_manager_peripheral.c...
compiling pstorage.c...
compiling simple_uart.c...
compiling softdevice_handler.c...
assembling arm_startup_nrf51.s...
compiling system_nrf51.c...
linking...
Program Size: Code=23796 RO-data=288 RW-data=284 ZI-data=5700  
FromELF: creating hex file...
".\Objects\ringb.axf" - 0 Error(s), 0 Warning(s).

<h2>Software Packages used:</h2>

Package Vendor: ARM
                http://www.keil.com/pack/ARM.CMSIS.4.1.0.pack
                ARM::CMSIS:CORE:3.30.0
                CMSIS (Cortex Microcontroller Software Interface Standard)
   * Component: CORE Version: 3.30.0

Package Vendor: NordicSemiconductor
                http://www.keil.com/pack/NordicSemiconductor.nRF_DeviceFamilyPack.1.1.1.pack
                NordicSemiconductor::Device:Startup:1.0.0
                Nordic Semiconductor nRF ARM devices Device Family Pack.
   * Component: Startup Version: 1.0.0

<h2>Collection of Component include folders:</h2>
  D:\Develop\RING\code\ring_code\ringb_s110\RTE
  C:\Keil_v5\ARM\PACK\ARM\CMSIS\4.1.0\CMSIS\Include
  C:\Keil_v5\ARM\PACK\NordicSemiconductor\nRF_DeviceFamilyPack\1.1.1\Device\Include

<h2>Collection of Component Files used:</h2>

   * Component: ARM::CMSIS:CORE:3.30.0
      Source file:   CMSIS\UserCodeTemplates\ARM\ITM_Retarget.c

   * Component: NordicSemiconductor::Device:Startup:1.0.0
      Source file:   Device\Source\arm\arm_startup_nrf51.s
      Source file:   Device\Source\system_nrf51.c
      Include file:  Device\Include\system_nrf51.h
Load "D:\\Develop\\RING\\code\\ring_code\\ringb_s110\\Objects\\ringb.axf" 
Set JLink Project File to "D:\Develop\RING\code\ring_code\ringb_s110\JLinkSettings.ini"
* JLink Info: Device "NRF51822_XXAA" selected (257 KB flash, 16 KB RAM).
 
JLink info:
------------
DLL: V4.90d, compiled Aug 29 2014 14:49:16
Firmware: J-Link OB-SAM3U128 V1 compiled Aug 22 2014 17:25:44
Hardware: V1.00
S/N : 480207027 
 
* JLink Info: Found SWD-DP with ID 0x0BB11477
* JLink Info: Found Cortex-M0 r0p0, Little endian.
* JLink Info: FPUnit: 4 code (BP) slots and 0 literal slots
ROMTableAddr = 0xE00FF003
 
Target info:
------------
Device: nRF51822_xxAA
VTarget = 3.300V
State of Pins: 
TCK: 0, TDI: 0, TDO: 1, TMS: 1, TRES: 1, TRST: 1
Hardware-Breakpoints: 4
Software-Breakpoints: 8192
Watchpoints:          2
JTAG speed: 1000 kHz
 
Erase Done.
Programming Done.
Verify OK.
</pre>
</body>
</html>
