Product: MDK-ARM Standard 5.10
Component: ARM Compiler 5.04 update 1 (build 49)
Tool: armlink [5040049]

==============================================================================

Section Cross References

    ble_bas.o(.text) refers to rt_memclr.o(.text) for __aeabi_memclr4
    ble_bas.o(.text) refers to ble_srv_common.o(.text) for ble_srv_report_ref_encode
    ble_dis.o(.text) refers to main.o(.text) for app_error_handler
    ble_dis.o(.text) refers to rt_memclr.o(.text) for __aeabi_memclr4
    ble_dis.o(.text) refers to ble_dis.o(.data) for service_handle
    ble_hrs.o(.text) refers to rt_memmove.o(.text) for __aeabi_memmove
    ble_hrs.o(.text) refers to rt_memclr.o(.text) for __aeabi_memclr4
    battery.o(.text) refers to aeabi_sdiv.o(.text) for __aeabi_idivmod
    battery.o(.text) refers to ble_bas.o(.text) for ble_bas_battery_level_update
    battery.o(.text) refers to main.o(.text) for app_error_handler
    battery.o(.text) refers to main.o(.bss) for bas
    led.o(.text) refers to main.o(.text) for app_error_handler
    main.o(.text) refers to battery.o(.text) for battery_start
    main.o(.text) refers to ble_hrs.o(.text) for ble_hrs_heart_rate_measurement_send
    main.o(.text) refers to app_timer.o(.text) for app_timer_init
    main.o(.text) refers to rt_memclr.o(.text) for __aeabi_memclr4
    main.o(.text) refers to ble_advdata.o(.text) for ble_advdata_set
    main.o(.text) refers to ble_bas.o(.text) for ble_bas_init
    main.o(.text) refers to ble_srv_common.o(.text) for ble_srv_ascii_to_utf8
    main.o(.text) refers to main.o(.data) for m_cur_heart_rate
    main.o(.text) refers to main.o(.bss) for m_hrs
    main.o(.text) refers to main.o(.constdata) for .constdata
    main.o(.text) refers to ble_dis.o(.text) for ble_dis_init
    main.o(.text) refers to ble_conn_params.o(.text) for ble_conn_params_init
    main.o(.text) refers to pstorage.o(.text) for pstorage_init
    main.o(.text) refers to device_manager_peripheral.o(.text) for dm_init
    main.o(.text) refers to led.o(.text) for led_stop
    main.o(.text) refers to app_button.o(.text) for app_button_enable
    main.o(.text) refers to softdevice_handler.o(.text) for softdevice_handler_init
    main.o(.text) refers to app_gpiote.o(.text) for app_gpiote_init
    main.o(.data) refers to main.o(.text) for button_event_handler
    app_button.o(.text) refers to main.o(.text) for app_error_handler
    app_button.o(.text) refers to app_gpiote.o(.text) for app_gpiote_pins_state_get
    app_button.o(.text) refers to app_timer.o(.text) for app_timer_stop
    app_button.o(.text) refers to app_button.o(.data) for m_evt_schedule_func
    app_gpiote.o(.text) refers to rt_memclr.o(.text) for __aeabi_memclr4
    app_gpiote.o(.text) refers to app_gpiote.o(.data) for mp_users
    app_timer.o(.text) refers to app_timer.o(.emb_text) for __asm___11_app_timer_c_cd27f9c3__nrf_delay_us
    app_timer.o(.text) refers to main.o(.text) for app_error_handler
    app_timer.o(.text) refers to app_timer.o(.data) for m_rtc1_running
    ble_advdata.o(.text) refers to rt_memcpy.o(.text) for __aeabi_memcpy
    ble_conn_params.o(.text) refers to rt_memcpy.o(.emb_text) for __aeabi_memcpy4
    ble_conn_params.o(.text) refers to rt_memcpy.o(.text) for __aeabi_memcpy
    ble_conn_params.o(.text) refers to app_timer.o(.text) for app_timer_create
    ble_conn_params.o(.text) refers to ble_conn_params.o(.data) for m_preferred_conn_params
    ble_conn_params.o(.text) refers to ble_conn_params.o(.bss) for m_conn_params_config
    ble_debug_assert_handler.o(.text) refers to strncpy.o(.text) for strncpy
    ble_debug_assert_handler.o(.text) refers to ble_debug_assert_handler.o(.bss) for s_file_name
    ble_debug_assert_handler.o(.text) refers to ble_debug_assert_handler.o(.data) for s_line_num
    ble_error_log.o(.text) refers to rt_memcpy.o(.emb_text) for __aeabi_memcpy4
    ble_error_log.o(.text) refers to strncpy.o(.text) for strncpy
    ble_error_log.o(.text) refers to arm_startup_nrf51.o(RESET) for __Vectors
    ble_error_log.o(.text) refers to ble_error_log.o(.bss) for m_ble_error_log
    ble_srv_common.o(.text) refers to main.o(.text) for app_error_handler
    ble_srv_common.o(.text) refers to strlen.o(.text) for strlen
    device_manager_peripheral.o(.text) refers to rt_memclr.o(.text) for __aeabi_memclr
    device_manager_peripheral.o(.text) refers to pstorage.o(.text) for pstorage_block_identifier_get
    device_manager_peripheral.o(.text) refers to memcmp.o(.text) for memcmp
    device_manager_peripheral.o(.text) refers to rt_memcpy.o(.emb_text) for __aeabi_memcpy4
    device_manager_peripheral.o(.text) refers to main.o(.text) for app_error_handler
    device_manager_peripheral.o(.text) refers to aeabi_sdiv.o(.text) for __aeabi_uidivmod
    device_manager_peripheral.o(.text) refers to device_manager_peripheral.o(.bss) for m_connection_table
    device_manager_peripheral.o(.text) refers to device_manager_peripheral.o(.data) for m_storage_handle
[...]
    rt_memcpy.o(.text) refers to rt_memcpy.o(.emb_text) for __aeabi_memcpy4
    rt_memmove.o(.text) refers to rt_memcpy.o(.emb_text) for __aeabi_memcpy4
    rt_memmove.o(.text) refers to rt_memcpy.o(.text) for __aeabi_memcpy
    strncpy.o(.text) refers to rt_memclr.o(.text) for __rt_memclr
    __main.o(!!!main) refers to rtentry.o(.ARM.Collect$$rtentry$$00000000) for __rt_entry
    rtentry.o(.ARM.Collect$$rtentry$$00000000) refers (Special) to rtentry2.o(.ARM.Collect$$rtentry$$0000000A) for __rt_entry_li
    rtentry.o(.ARM.Collect$$rtentry$$00000000) refers (Special) to rtentry2.o(.ARM.Collect$$rtentry$$0000000D) for __rt_entry_main
    rtentry.o(.ARM.Collect$$rtentry$$00000000) refers (Special) to rtentry2.o(.ARM.Collect$$rtentry$$0000000C) for __rt_entry_postli_1
    rtentry.o(.ARM.Collect$$rtentry$$00000000) refers (Special) to rtentry2.o(.ARM.Collect$$rtentry$$00000009) for __rt_entry_postsh_1
    rtentry.o(.ARM.Collect$$rtentry$$00000000) refers (Special) to rtentry2.o(.ARM.Collect$$rtentry$$00000002) for __rt_entry_presh_1
    rtentry.o(.ARM.Collect$$rtentry$$00000000) refers (Special) to rtentry4.o(.ARM.Collect$$rtentry$$00000004) for __rt_entry_sh
    aeabi_idiv0_sigfpe.o(.text) refers to rt_div0.o(.text) for __rt_div0
    rtentry2.o(.ARM.Collect$$rtentry$$00000008) refers to boardinit2.o(.text) for _platform_post_stackheap_init
    rtentry2.o(.ARM.Collect$$rtentry$$0000000A) refers to libinit.o(.ARM.Collect$$libinit$$00000000) for __rt_lib_init
    rtentry2.o(.ARM.Collect$$rtentry$$0000000B) refers to boardinit3.o(.text) for _platform_post_lib_init
    rtentry2.o(.ARM.Collect$$rtentry$$0000000D) refers to main.o(.text) for main
    rtentry2.o(.ARM.Collect$$rtentry$$0000000D) refers to exit.o(.text) for exit
    rtentry2.o(.ARM.exidx) refers to rtentry2.o(.ARM.Collect$$rtentry$$00000001) for .ARM.Collect$$rtentry$$00000001
    rtentry2.o(.ARM.exidx) refers to rtentry2.o(.ARM.Collect$$rtentry$$00000008) for .ARM.Collect$$rtentry$$00000008
    rtentry2.o(.ARM.exidx) refers to rtentry2.o(.ARM.Collect$$rtentry$$0000000A) for .ARM.Collect$$rtentry$$0000000A
    rtentry2.o(.ARM.exidx) refers to rtentry2.o(.ARM.Collect$$rtentry$$0000000B) for .ARM.Collect$$rtentry$$0000000B
    rtentry2.o(.ARM.exidx) refers to rtentry2.o(.ARM.Collect$$rtentry$$0000000D) for .ARM.Collect$$rtentry$$0000000D
    rtentry4.o(.ARM.Collect$$rtentry$$00000004) refers to sys_stackheap_outer.o(.text) for __user_setup_stackheap
    rtentry4.o(.ARM.exidx) refers to rtentry4.o(.ARM.Collect$$rtentry$$00000004) for .ARM.Collect$$rtentry$$00000004
    rt_div0.o(.text) refers to defsig_fpe_outer.o(.text) for __rt_SIGFPE
    sys_stackheap_outer.o(.text) refers to libspace.o(.text) for __user_perproc_libspace
    sys_stackheap_outer.o(.text) refers to arm_startup_nrf51.o(.text) for __user_initial_stackheap
    sys_stackheap_outer.o(__vectab_stack_and_reset_area) refers to tempstk.o(.text) for __temporary_stack_top
    sys_stackheap_outer.o(__vectab_stack_and_reset_area) refers to __main.o(!!!main) for __main
    exit.o(.text) refers to rtexit.o(.ARM.Collect$$rtexit$$00000000) for __rt_exit
    defsig_fpe_outer.o(.text) refers to defsig_fpe_inner.o(.text) for __rt_SIGFPE_inner
    defsig_fpe_outer.o(.text) refers to defsig_exit.o(.text) for __sig_exit
    defsig_fpe_formal.o(.text) refers to rt_raise.o(.text) for __rt_raise
    libinit.o(.ARM.Collect$$libinit$$00000000) refers (Special) to libinit2.o(.ARM.Collect$$libinit$$0000002C) for __rt_lib_init_alloca_1
    libinit.o(.ARM.Collect$$libinit$$00000000) refers (Special) to libinit2.o(.ARM.Collect$$libinit$$0000002A) for __rt_lib_init_argv_1
    libinit.o(.ARM.Collect$$libinit$$00000000) refers (Special) to libinit2.o(.ARM.Collect$$libinit$$00000019) for __rt_lib_init_atexit_1
    libinit.o(.ARM.Collect$$libinit$$00000000) refers (Special) to libinit2.o(.ARM.Collect$$libinit$$0000001F) for __rt_lib_init_clock_1
    libinit.o(.ARM.Collect$$libinit$$00000000) refers (Special) to libinit2.o(.ARM.Collect$$libinit$$00000030) for __rt_lib_init_cpp_1
    libinit.o(.ARM.Collect$$libinit$$00000000) refers (Special) to libinit2.o(.ARM.Collect$$libinit$$0000002E) for __rt_lib_init_exceptions_1
    libinit.o(.ARM.Collect$$libinit$$00000000) refers (Special) to libinit2.o(.ARM.Collect$$libinit$$00000001) for __rt_lib_init_fp_1
    libinit.o(.ARM.Collect$$libinit$$00000000) refers (Special) to libinit2.o(.ARM.Collect$$libinit$$0000001D) for __rt_lib_init_fp_trap_1
    libinit.o(.ARM.Collect$$libinit$$00000000) refers (Special) to libinit2.o(.ARM.Collect$$libinit$$00000021) for __rt_lib_init_getenv_1
    libinit.o(.ARM.Collect$$libinit$$00000000) refers (Special) to libinit2.o(.ARM.Collect$$libinit$$00000008) for __rt_lib_init_heap_1
    libinit.o(.ARM.Collect$$libinit$$00000000) refers (Special) to libinit2.o(.ARM.Collect$$libinit$$0000000F) for __rt_lib_init_lc_collate_1
    libinit.o(.ARM.Collect$$libinit$$00000000) refers (Special) to libinit2.o(.ARM.Collect$$libinit$$00000011) for __rt_lib_init_lc_ctype_1
    libinit.o(.ARM.Collect$$libinit$$00000000) refers (Special) to libinit2.o(.ARM.Collect$$libinit$$00000013) for __rt_lib_init_lc_monetary_1
    libinit.o(.ARM.Collect$$libinit$$00000000) refers (Special) to libinit2.o(.ARM.Collect$$libinit$$00000015) for __rt_lib_init_lc_numeric_1
    libinit.o(.ARM.Collect$$libinit$$00000000) refers (Special) to libinit2.o(.ARM.Collect$$libinit$$00000017) for __rt_lib_init_lc_time_1
    libinit.o(.ARM.Collect$$libinit$$00000000) refers (Special) to libinit2.o(.ARM.Collect$$libinit$$0000000C) for __rt_lib_init_rand_1
    libinit.o(.ARM.Collect$$libinit$$00000000) refers (Special) to libinit2.o(.ARM.Collect$$libinit$$00000031) for __rt_lib_init_return
    libinit.o(.ARM.Collect$$libinit$$00000000) refers (Special) to libinit2.o(.ARM.Collect$$libinit$$0000001B) for __rt_lib_init_signal_1
    libinit.o(.ARM.Collect$$libinit$$00000000) refers (Special) to libinit2.o(.ARM.Collect$$libinit$$00000023) for __rt_lib_init_stdio_1
    libinit.o(.ARM.Collect$$libinit$$00000000) refers (Special) to libinit2.o(.ARM.Collect$$libinit$$0000000A) for __rt_lib_init_user_alloc_1
    libspace.o(.text) refers to libspace.o(.bss) for __libspace_start
    rtexit.o(.ARM.Collect$$rtexit$$00000000) refers (Special) to rtexit2.o(.ARM.Collect$$rtexit$$00000004) for __rt_exit_exit
    rtexit.o(.ARM.Collect$$rtexit$$00000000) refers (Special) to rtexit2.o(.ARM.Collect$$rtexit$$00000003) for __rt_exit_ls
    rtexit.o(.ARM.Collect$$rtexit$$00000000) refers (Special) to rtexit2.o(.ARM.Collect$$rtexit$$00000002) for __rt_exit_prels_1
    rtexit.o(.ARM.exidx) refers (Special) to rtexit2.o(.ARM.Collect$$rtexit$$00000004) for __rt_exit_exit
    rtexit.o(.ARM.exidx) refers (Special) to rtexit2.o(.ARM.Collect$$rtexit$$00000003) for __rt_exit_ls
    rtexit.o(.ARM.exidx) refers (Special) to rtexit2.o(.ARM.Collect$$rtexit$$00000002) for __rt_exit_prels_1
    rtexit.o(.ARM.exidx) refers to rtexit.o(.ARM.Collect$$rtexit$$00000000) for .ARM.Collect$$rtexit$$00000000
    rt_raise.o(.text) refers to __raise.o(.text) for __raise
    rt_raise.o(.text) refers to sys_exit.o(.text) for _sys_exit
    defsig_exit.o(.text) refers to sys_exit.o(.text) for _sys_exit
    defsig_fpe_inner.o(.text) refers to defsig_general.o(.text) for __default_signal_display
    libinit2.o(.ARM.Collect$$libinit$$0000000E) refers to libinit2.o(.ARM.Collect$$libinit$$0000000D) for .ARM.Collect$$libinit$$0000000D
    libinit2.o(.ARM.Collect$$libinit$$00000010) refers to libinit2.o(.ARM.Collect$$libinit$$0000000D) for .ARM.Collect$$libinit$$0000000D
    libinit2.o(.ARM.Collect$$libinit$$00000012) refers to libinit2.o(.ARM.Collect$$libinit$$0000000D) for .ARM.Collect$$libinit$$0000000D
    libinit2.o(.ARM.Collect$$libinit$$00000014) refers to libinit2.o(.ARM.Collect$$libinit$$0000000D) for .ARM.Collect$$libinit$$0000000D
    libinit2.o(.ARM.Collect$$libinit$$00000016) refers to libinit2.o(.ARM.Collect$$libinit$$0000000D) for .ARM.Collect$$libinit$$0000000D
    libinit2.o(.ARM.Collect$$libinit$$00000024) refers to argv_veneer.o(.text) for __ARM_argv_veneer
    libinit2.o(.ARM.Collect$$libinit$$00000025) refers to argv_veneer.o(.text) for __ARM_argv_veneer
    sys_exit.o(.text) refers (Special) to use_no_semi.o(.text) for __I$use$semihosting
    sys_exit.o(.text) refers (Special) to indicate_semi.o(.text) for __semihosting_library_function
    rtexit2.o(.ARM.Collect$$rtexit$$00000003) refers to libshutdown.o(.ARM.Collect$$libshutdown$$00000000) for __rt_lib_shutdown
    rtexit2.o(.ARM.Collect$$rtexit$$00000004) refers to sys_exit.o(.text) for _sys_exit
    rtexit2.o(.ARM.exidx) refers to rtexit2.o(.ARM.Collect$$rtexit$$00000001) for .ARM.Collect$$rtexit$$00000001
    rtexit2.o(.ARM.exidx) refers to rtexit2.o(.ARM.Collect$$rtexit$$00000003) for .ARM.Collect$$rtexit$$00000003
    rtexit2.o(.ARM.exidx) refers to rtexit2.o(.ARM.Collect$$rtexit$$00000004) for .ARM.Collect$$rtexit$$00000004
    __raise.o(.text) refers to defsig.o(CL$$defsig) for __default_signal_handler
    defsig_general.o(.text) refers to sys_wrch.o(.text) for _ttywrch
    sys_wrch.o(.text) refers (Special) to use_no_semi.o(.text) for __I$use$semihosting
    sys_wrch.o(.text) refers (Special) to indicate_semi.o(.text) for __semihosting_library_function
    defsig.o(CL$$defsig) refers to defsig_fpe_inner.o(.text) for __rt_SIGFPE_inner
    defsig.o(CL$$defsig) refers to defsig_rtmem_inner.o(.text) for __rt_SIGRTMEM_inner
    _get_argv_nomalloc.o(.text) refers (Special) to hrguard.o(.text) for __heap_region$guard
    _get_argv_nomalloc.o(.text) refers to defsig_rtmem_outer.o(.text) for __rt_SIGRTMEM
    _get_argv_nomalloc.o(.text) refers to sys_command.o(.text) for _sys_command_string
    libshutdown.o(.ARM.Collect$$libshutdown$$00000000) refers (Special) to libshutdown2.o(.ARM.Collect$$libshutdown$$00000006) for __rt_lib_shutdown_fp_trap_1
    libshutdown.o(.ARM.Collect$$libshutdown$$00000000) refers (Special) to libshutdown2.o(.ARM.Collect$$libshutdown$$0000000E) for __rt_lib_shutdown_heap_1
    libshutdown.o(.ARM.Collect$$libshutdown$$00000000) refers (Special) to libshutdown2.o(.ARM.Collect$$libshutdown$$0000000F) for __rt_lib_shutdown_return
    libshutdown.o(.ARM.Collect$$libshutdown$$00000000) refers (Special) to libshutdown2.o(.ARM.Collect$$libshutdown$$00000009) for __rt_lib_shutdown_signal_1
    libshutdown.o(.ARM.Collect$$libshutdown$$00000000) refers (Special) to libshutdown2.o(.ARM.Collect$$libshutdown$$00000003) for __rt_lib_shutdown_stdio_1
    libshutdown.o(.ARM.Collect$$libshutdown$$00000000) refers (Special) to libshutdown2.o(.ARM.Collect$$libshutdown$$0000000B) for __rt_lib_shutdown_user_alloc_1
    sys_command.o(.text) refers (Special) to use_no_semi.o(.text) for __I$use$semihosting
    sys_command.o(.text) refers (Special) to indicate_semi.o(.text) for __semihosting_library_function
    defsig_abrt_inner.o(.text) refers to defsig_general.o(.text) for __default_signal_display
    defsig_rtred_inner.o(.text) refers to defsig_general.o(.text) for __default_signal_display
    defsig_rtmem_inner.o(.text) refers to defsig_general.o(.text) for __default_signal_display
    defsig_rtmem_outer.o(.text) refers to defsig_rtmem_inner.o(.text) for __rt_SIGRTMEM_inner
    defsig_rtmem_outer.o(.text) refers to defsig_exit.o(.text) for __sig_exit
    defsig_rtmem_formal.o(.text) refers to rt_raise.o(.text) for __rt_raise
    defsig_stak_inner.o(.text) refers to defsig_general.o(.text) for __default_signal_display
    defsig_pvfn_inner.o(.text) refers to defsig_general.o(.text) for __default_signal_display
    defsig_cppl_inner.o(.text) refers to defsig_general.o(.text) for __default_signal_display
    defsig_segv_inner.o(.text) refers to defsig_general.o(.text) for __default_signal_display
    defsig_other.o(.text) refers to defsig_general.o(.text) for __default_signal_display


==============================================================================

Removing Unused input sections from the image.

    Removing battery.o(.rev16_text), (4 bytes).
    Removing battery.o(.revsh_text), (4 bytes).
    Removing led.o(.rev16_text), (4 bytes).
    Removing led.o(.revsh_text), (4 bytes).
    Removing main.o(.rev16_text), (4 bytes).
    Removing main.o(.revsh_text), (4 bytes).
    Removing app_button.o(.rev16_text), (4 bytes).
    Removing app_button.o(.revsh_text), (4 bytes).
    Removing app_gpiote.o(.rev16_text), (4 bytes).
    Removing app_gpiote.o(.revsh_text), (4 bytes).
    Removing app_timer.o(.rev16_text), (4 bytes).
    Removing app_timer.o(.revsh_text), (4 bytes).
    Removing app_trace.o(.rev16_text), (4 bytes).
    Removing app_trace.o(.revsh_text), (4 bytes).
    Removing app_trace.o(.data), (8 bytes).
    Removing ble_debug_assert_handler.o(.rev16_text), (4 bytes).
    Removing ble_debug_assert_handler.o(.revsh_text), (4 bytes).
    Removing ble_debug_assert_handler.o(.text), (60 bytes).
    Removing ble_debug_assert_handler.o(.bss), (128 bytes).
    Removing ble_debug_assert_handler.o(.data), (8 bytes).
    Removing ble_error_log.o(.rev16_text), (4 bytes).
    Removing ble_error_log.o(.revsh_text), (4 bytes).
    Removing ble_error_log.o(.text), (96 bytes).
    Removing ble_error_log.o(.bss), (392 bytes).
    Removing crc16.o(.text), (68 bytes).
    Removing device_manager_peripheral.o(.rev16_text), (4 bytes).
    Removing device_manager_peripheral.o(.revsh_text), (4 bytes).
    Removing pstorage.o(.rev16_text), (4 bytes).
    Removing pstorage.o(.revsh_text), (4 bytes).
    Removing simple_uart.o(.rev16_text), (4 bytes).
    Removing simple_uart.o(.revsh_text), (4 bytes).
    Removing simple_uart.o(.emb_text), (30 bytes).
    Removing simple_uart.o(.text), (284 bytes).
    Removing softdevice_handler.o(.rev16_text), (4 bytes).
    Removing softdevice_handler.o(.revsh_text), (4 bytes).
    Removing system_nrf51.o(.rev16_text), (4 bytes).
    Removing system_nrf51.o(.revsh_text), (4 bytes).

37 unused section(s) (total 1186 bytes) removed from the image.

==============================================================================

Image Symbol Table

    Local Symbols

    Symbol Name                              Value     Ov Type        Size  Object(Section)

    ../clib/angel/boardlib.s                 0x00000000   Number         0  boardinit3.o ABSOLUTE
    ../clib/angel/boardlib.s                 0x00000000   Number         0  boardinit2.o ABSOLUTE
    ../clib/angel/boardlib.s                 0x00000000   Number         0  boardshut.o ABSOLUTE
    ../clib/angel/boardlib.s                 0x00000000   Number         0  boardinit1.o ABSOLUTE
    ../clib/angel/handlers.s                 0x00000000   Number         0  __scatter_zi.o ABSOLUTE
    ../clib/angel/handlers.s                 0x00000000   Number         0  __scatter_copy.o ABSOLUTE
    ../clib/angel/kernel.s                   0x00000000   Number         0  rtentry4.o ABSOLUTE
    ../clib/angel/kernel.s                   0x00000000   Number         0  rtexit2.o ABSOLUTE
    ../clib/angel/kernel.s                   0x00000000   Number         0  rtentry2.o ABSOLUTE
    ../clib/angel/kernel.s                   0x00000000   Number         0  rtexit.o ABSOLUTE
    ../clib/angel/kernel.s                   0x00000000   Number         0  rtentry.o ABSOLUTE
    ../clib/angel/rt.s                       0x00000000   Number         0  rt_raise.o ABSOLUTE
    ../clib/angel/rt.s                       0x00000000   Number         0  rt_div0.o ABSOLUTE
    ../clib/angel/rt.s                       0x00000000   Number         0  aeabi_idiv0_sigfpe.o ABSOLUTE
    ../clib/angel/rt.s                       0x00000000   Number         0  aeabi_idiv0.o ABSOLUTE
    ../clib/angel/scatterp.s                 0x00000000   Number         0  __scatter.o ABSOLUTE
    ../clib/angel/startup.s                  0x00000000   Number         0  __main.o ABSOLUTE
    ../clib/angel/sys.s                      0x00000000   Number         0  indicate_semi.o ABSOLUTE
    ../clib/angel/sys.s                      0x00000000   Number         0  tempstk.o ABSOLUTE
    ../clib/angel/sys.s                      0x00000000   Number         0  libspace.o ABSOLUTE
    ../clib/angel/sys.s                      0x00000000   Number         0  use_no_semi.o ABSOLUTE
    ../clib/angel/sys.s                      0x00000000   Number         0  sys_stackheap_outer.o ABSOLUTE
    ../clib/angel/sysapp.c                   0x00000000   Number         0  sys_exit.o ABSOLUTE
    ../clib/angel/sysapp.c                   0x00000000   Number         0  sys_command.o ABSOLUTE
    ../clib/angel/sysapp.c                   0x00000000   Number         0  sys_wrch.o ABSOLUTE
    ../clib/armsys.c                         0x00000000   Number         0  argv_veneer.o ABSOLUTE
    ../clib/armsys.c                         0x00000000   Number         0  _get_argv_nomalloc.o ABSOLUTE
    ../clib/armsys.c                         0x00000000   Number         0  no_argv.o ABSOLUTE
    ../clib/division.s                       0x00000000   Number         0  aeabi_sdiv.o ABSOLUTE
    ../clib/division.s                       0x00000000   Number         0  aeabi_sdiv_div0.o ABSOLUTE
    ../clib/heapalloc.c                      0x00000000   Number         0  hrguard.o ABSOLUTE
    ../clib/heapaux.c                        0x00000000   Number         0  heapauxi.o ABSOLUTE
    ../clib/libinit.s                        0x00000000   Number         0  libinit2.o ABSOLUTE
    ../clib/libinit.s                        0x00000000   Number         0  libinit.o ABSOLUTE
    ../clib/libinit.s                        0x00000000   Number         0  libshutdown2.o ABSOLUTE
    ../clib/libinit.s                        0x00000000   Number         0  libshutdown.o ABSOLUTE
    ../clib/memcpset.c                       0x00000000   Number         0  rt_memmove.o ABSOLUTE
    ../clib/memcpset.c                       0x00000000   Number         0  rt_memclr.o ABSOLUTE
    ../clib/memcpset.c                       0x00000000   Number         0  rt_memcpy.o ABSOLUTE
    ../clib/memcpset.c                       0x00000000   Number         0  rt_memcpy.o ABSOLUTE
    ../clib/signal.c                         0x00000000   Number         0  defsig_fpe_inner.o ABSOLUTE
    ../clib/signal.c                         0x00000000   Number         0  __raise.o ABSOLUTE
    ../clib/signal.c                         0x00000000   Number         0  defsig_general.o ABSOLUTE
    ../clib/signal.c                         0x00000000   Number         0  defsig_abrt_inner.o ABSOLUTE
    ../clib/signal.c                         0x00000000   Number         0  defsig_rtred_inner.o ABSOLUTE
    ../clib/signal.c                         0x00000000   Number         0  defsig_rtmem_inner.o ABSOLUTE
    ../clib/signal.c                         0x00000000   Number         0  defsig_other.o ABSOLUTE
    ../clib/signal.c                         0x00000000   Number         0  defsig_segv_inner.o ABSOLUTE
    ../clib/signal.c                         0x00000000   Number         0  defsig_rtmem_formal.o ABSOLUTE
    ../clib/signal.c                         0x00000000   Number         0  defsig_cppl_inner.o ABSOLUTE
    ../clib/signal.c                         0x00000000   Number         0  defsig_pvfn_inner.o ABSOLUTE
    ../clib/signal.c                         0x00000000   Number         0  defsig_rtmem_outer.o ABSOLUTE
    ../clib/signal.c                         0x00000000   Number         0  defsig_fpe_outer.o ABSOLUTE
    ../clib/signal.c                         0x00000000   Number         0  defsig_fpe_formal.o ABSOLUTE
    ../clib/signal.c                         0x00000000   Number         0  defsig_stak_inner.o ABSOLUTE
    ../clib/signal.c                         0x00000000   Number         0  defsig_exit.o ABSOLUTE
    ../clib/signal.s                         0x00000000   Number         0  defsig.o ABSOLUTE
    ../clib/stdlib.c                         0x00000000   Number         0  exit.o ABSOLUTE
    ../clib/string.c                         0x00000000   Number         0  memcmp.o ABSOLUTE
    ../clib/string.c                         0x00000000   Number         0  strlen.o ABSOLUTE
    ../clib/string.c                         0x00000000   Number         0  strncpy.o ABSOLUTE
    ../fplib/cfplib/fpinit.c                 0x00000000   Number         0  fpinit.o ABSOLUTE
    RTE\Device\nRF51822_xxAA\arm_startup_nrf51.s 0x00000000   Number         0  arm_startup_nrf51.o ABSOLUTE
    RTE\Device\nRF51822_xxAA\system_nrf51.c  0x00000000   Number         0  system_nrf51.o ABSOLUTE
    RTE\\Device\\nRF51822_xxAA\\system_nrf51.c 0x00000000   Number         0  system_nrf51.o ABSOLUTE
    dc.s                                     0x00000000   Number         0  dc.o ABSOLUTE
    src\\app\\battery.c                      0x00000000   Number         0  battery.o ABSOLUTE
    src\\app\\led.c                          0x00000000   Number         0  led.o ABSOLUTE
    src\\app\\main.c                         0x00000000   Number         0  main.o ABSOLUTE
    src\\libraries\\app_button.c             0x00000000   Number         0  app_button.o ABSOLUTE
    src\\libraries\\app_gpiote.c             0x00000000   Number         0  app_gpiote.o ABSOLUTE
    src\\libraries\\app_timer.c              0x00000000   Number         0  app_timer.o ABSOLUTE
    src\\libraries\\app_trace.c              0x00000000   Number         0  app_trace.o ABSOLUTE
    src\\libraries\\ble_debug_assert_handler.c 0x00000000   Number         0  ble_debug_assert_handler.o ABSOLUTE
    src\\libraries\\ble_error_log.c          0x00000000   Number         0  ble_error_log.o ABSOLUTE
    src\\libraries\\device_manager_peripheral.c 0x00000000   Number         0  device_manager_peripheral.o ABSOLUTE
    src\\libraries\\pstorage.c               0x00000000   Number         0  pstorage.o ABSOLUTE
    src\\libraries\\simple_uart.c            0x00000000   Number         0  simple_uart.o ABSOLUTE
    src\\libraries\\softdevice_handler.c     0x00000000   Number         0  softdevice_handler.o ABSOLUTE
    src\app\battery.c                        0x00000000   Number         0  battery.o ABSOLUTE
    src\app\led.c                            0x00000000   Number         0  led.o ABSOLUTE
    src\app\main.c                           0x00000000   Number         0  main.o ABSOLUTE
    src\libraries\app_button.c               0x00000000   Number         0  app_button.o ABSOLUTE
    src\libraries\app_gpiote.c               0x00000000   Number         0  app_gpiote.o ABSOLUTE
    src\libraries\app_timer.c                0x00000000   Number         0  app_timer.o ABSOLUTE
    src\libraries\app_trace.c                0x00000000   Number         0  app_trace.o ABSOLUTE
    src\libraries\ble_advdata.c              0x00000000   Number         0  ble_advdata.o ABSOLUTE
    src\libraries\ble_conn_params.c          0x00000000   Number         0  ble_conn_params.o ABSOLUTE
    src\libraries\ble_debug_assert_handler.c 0x00000000   Number         0  ble_debug_assert_handler.o ABSOLUTE
    src\libraries\ble_error_log.c            0x00000000   Number         0  ble_error_log.o ABSOLUTE
    src\libraries\ble_srv_common.c           0x00000000   Number         0  ble_srv_common.o ABSOLUTE
    src\libraries\crc16.c                    0x00000000   Number         0  crc16.o ABSOLUTE
    src\libraries\device_manager_peripheral.c 0x00000000   Number         0  device_manager_peripheral.o ABSOLUTE
    src\libraries\pstorage.c                 0x00000000   Number         0  pstorage.o ABSOLUTE
    src\libraries\simple_uart.c              0x00000000   Number         0  simple_uart.o ABSOLUTE
    src\libraries\softdevice_handler.c       0x00000000   Number         0  softdevice_handler.o ABSOLUTE
    src\services\ble_bas.c                   0x00000000   Number         0  ble_bas.o ABSOLUTE
    src\services\ble_dis.c                   0x00000000   Number         0  ble_dis.o ABSOLUTE
    src\services\ble_hrs.c                   0x00000000   Number         0  ble_hrs.o ABSOLUTE
    RESET                                    0x00016000   Section      192  arm_startup_nrf51.o(RESET)
    !!!main                                  0x000160c0   Section        8  __main.o(!!!main)
    !!!scatter                               0x000160c8   Section       60  __scatter.o(!!!scatter)
    !!handler_copy                           0x00016104   Section       26  __scatter_copy.o(!!handler_copy)
    !!handler_zi                             0x00016120   Section       28  __scatter_zi.o(!!handler_zi)
    .ARM.Collect$$libinit$$00000000          0x0001613c   Section        2  libinit.o(.ARM.Collect$$libinit$$00000000)
    .ARM.Collect$$libinit$$00000001          0x0001613e   Section        4  libinit2.o(.ARM.Collect$$libinit$$00000001)
    .ARM.Collect$$libinit$$00000008          0x00016142   Section        0  libinit2.o(.ARM.Collect$$libinit$$00000008)
    .ARM.Collect$$libinit$$0000000A          0x00016142   Section        0  libinit2.o(.ARM.Collect$$libinit$$0000000A)
    .ARM.Collect$$libinit$$0000000C          0x00016142   Section        0  libinit2.o(.ARM.Collect$$libinit$$0000000C)
    .ARM.Collect$$libinit$$0000000F          0x00016142   Section        0  libinit2.o(.ARM.Collect$$libinit$$0000000F)
    .ARM.Collect$$libinit$$00000011          0x00016142   Section        0  libinit2.o(.ARM.Collect$$libinit$$00000011)
    .ARM.Collect$$libinit$$00000013          0x00016142   Section        0  libinit2.o(.ARM.Collect$$libinit$$00000013)
    .ARM.Collect$$libinit$$00000015          0x00016142   Section        0  libinit2.o(.ARM.Collect$$libinit$$00000015)
    .ARM.Collect$$libinit$$00000017          0x00016142   Section        0  libinit2.o(.ARM.Collect$$libinit$$00000017)
    .ARM.Collect$$libinit$$00000019          0x00016142   Section        0  libinit2.o(.ARM.Collect$$libinit$$00000019)
    .ARM.Collect$$libinit$$0000001B          0x00016142   Section        0  libinit2.o(.ARM.Collect$$libinit$$0000001B)
    .ARM.Collect$$libinit$$0000001D          0x00016142   Section        0  libinit2.o(.ARM.Collect$$libinit$$0000001D)
    .ARM.Collect$$libinit$$0000001F          0x00016142   Section        0  libinit2.o(.ARM.Collect$$libinit$$0000001F)
    .ARM.Collect$$libinit$$00000021          0x00016142   Section        0  libinit2.o(.ARM.Collect$$libinit$$00000021)
    .ARM.Collect$$libinit$$00000023          0x00016142   Section        0  libinit2.o(.ARM.Collect$$libinit$$00000023)
    .ARM.Collect$$libinit$$0000002A          0x00016142   Section        0  libinit2.o(.ARM.Collect$$libinit$$0000002A)
    .ARM.Collect$$libinit$$0000002C          0x00016142   Section        0  libinit2.o(.ARM.Collect$$libinit$$0000002C)
    .ARM.Collect$$libinit$$0000002E          0x00016142   Section        0  libinit2.o(.ARM.Collect$$libinit$$0000002E)
    .ARM.Collect$$libinit$$00000030          0x00016142   Section        0  libinit2.o(.ARM.Collect$$libinit$$00000030)
    .ARM.Collect$$libinit$$00000031          0x00016142   Section        2  libinit2.o(.ARM.Collect$$libinit$$00000031)
    .ARM.Collect$$libshutdown$$00000000      0x00016144   Section        2  libshutdown.o(.ARM.Collect$$libshutdown$$00000000)
    .ARM.Collect$$libshutdown$$00000003      0x00016146   Section        0  libshutdown2.o(.ARM.Collect$$libshutdown$$00000003)
    .ARM.Collect$$libshutdown$$00000006      0x00016146   Section        0  libshutdown2.o(.ARM.Collect$$libshutdown$$00000006)
    .ARM.Collect$$libshutdown$$00000009      0x00016146   Section        0  libshutdown2.o(.ARM.Collect$$libshutdown$$00000009)
    .ARM.Collect$$libshutdown$$0000000B      0x00016146   Section        0  libshutdown2.o(.ARM.Collect$$libshutdown$$0000000B)
    .ARM.Collect$$libshutdown$$0000000E      0x00016146   Section        0  libshutdown2.o(.ARM.Collect$$libshutdown$$0000000E)
    .ARM.Collect$$libshutdown$$0000000F      0x00016146   Section        2  libshutdown2.o(.ARM.Collect$$libshutdown$$0000000F)
    .ARM.Collect$$rtentry$$00000000          0x00016148   Section        0  rtentry.o(.ARM.Collect$$rtentry$$00000000)
    .ARM.Collect$$rtentry$$00000002          0x00016148   Section        0  rtentry2.o(.ARM.Collect$$rtentry$$00000002)
    .ARM.Collect$$rtentry$$00000004          0x00016148   Section        6  rtentry4.o(.ARM.Collect$$rtentry$$00000004)
    .ARM.Collect$$rtentry$$00000009          0x0001614e   Section        0  rtentry2.o(.ARM.Collect$$rtentry$$00000009)
    .ARM.Collect$$rtentry$$0000000A          0x0001614e   Section        4  rtentry2.o(.ARM.Collect$$rtentry$$0000000A)
    .ARM.Collect$$rtentry$$0000000C          0x00016152   Section        0  rtentry2.o(.ARM.Collect$$rtentry$$0000000C)
    .ARM.Collect$$rtentry$$0000000D          0x00016152   Section        8  rtentry2.o(.ARM.Collect$$rtentry$$0000000D)
    .ARM.Collect$$rtexit$$00000000           0x0001615a   Section        2  rtexit.o(.ARM.Collect$$rtexit$$00000000)
    .ARM.Collect$$rtexit$$00000002           0x0001615c   Section        0  rtexit2.o(.ARM.Collect$$rtexit$$00000002)
    .ARM.Collect$$rtexit$$00000003           0x0001615c   Section        4  rtexit2.o(.ARM.Collect$$rtexit$$00000003)
    .ARM.Collect$$rtexit$$00000004           0x00016160   Section        6  rtexit2.o(.ARM.Collect$$rtexit$$00000004)
    .emb_text                                0x00016168   Section       30  app_timer.o(.emb_text)
    .emb_text                                0x00016188   Section       56  rt_memcpy.o(.emb_text)
    .text                                    0x000161c0   Section        0  ble_bas.o(.text)
    on_connect                               0x000161c1   Thumb Code     6  ble_bas.o(.text)
    on_disconnect                            0x000161c7   Thumb Code     8  ble_bas.o(.text)
    on_write                                 0x000161cf   Thumb Code    80  ble_bas.o(.text)
    battery_level_char_add                   0x00016259   Thumb Code   448  ble_bas.o(.text)
    .text                                    0x000164e0   Section        0  ble_dis.o(.text)
    sys_id_encode                            0x000164e1   Thumb Code   160  ble_dis.o(.text)
    pnp_id_encode                            0x00016581   Thumb Code   152  ble_dis.o(.text)
    char_add                                 0x00016619   Thumb Code   232  ble_dis.o(.text)
    uint16_encode                            0x00016883   Thumb Code    18  ble_dis.o(.text)
    .text                                    0x000168dc   Section        0  ble_hrs.o(.text)
    on_connect                               0x000168dd   Thumb Code     6  ble_hrs.o(.text)
    on_disconnect                            0x000168e3   Thumb Code     8  ble_hrs.o(.text)
    on_hrm_cccd_write                        0x000168eb   Thumb Code    62  ble_hrs.o(.text)
    on_write                                 0x00016929   Thumb Code    26  ble_hrs.o(.text)
    hrm_encode                               0x0001697d   Thumb Code   186  ble_hrs.o(.text)
    heart_rate_measurement_char_add          0x00016a37   Thumb Code   234  ble_hrs.o(.text)
    body_sensor_location_char_add            0x00016b21   Thumb Code   168  ble_hrs.o(.text)
    uint16_encode                            0x00016d13   Thumb Code    18  ble_hrs.o(.text)
    .text                                    0x00016d30   Section        0  battery.o(.text)
    battery_level_in_percent                 0x00016e21   Thumb Code   148  battery.o(.text)
    .text                                    0x00016ef4   Section        0  led.o(.text)
    timer1_init                              0x00016ef5   Thumb Code    34  led.o(.text)
    ppi_init                                 0x00016f17   Thumb Code    70  led.o(.text)
    gpiote_init                              0x00016f5d   Thumb Code    16  led.o(.text)
    nrf_gpio_cfg_output                      0x00016fcb   Thumb Code    18  led.o(.text)
    nrf_gpio_pin_set                         0x00016fdd   Thumb Code    10  led.o(.text)
    nrf_gpio_pin_clear                       0x00016fe7   Thumb Code    10  led.o(.text)
    nrf_gpiote_task_config                   0x00016ff1   Thumb Code   108  led.o(.text)
    .text                                    0x0001708c   Section        0  main.o(.text)
    nrf_gpio_cfg_sense_input                 0x0001708d   Thumb Code    24  main.o(.text)
    conn_params_error_handler                0x000170c9   Thumb Code    14  main.o(.text)
    battery_level_meas_timeout_handler       0x000170d7   Thumb Code    10  main.o(.text)
    heart_rate_meas_timeout_handler          0x000170e1   Thumb Code    50  main.o(.text)
    button_event_handler                     0x00017113   Thumb Code    92  main.o(.text)
    timers_init                              0x0001716f   Thumb Code   120  main.o(.text)
    gap_params_init                          0x000171e7   Thumb Code   154  main.o(.text)
    advertising_init                         0x00017281   Thumb Code   112  main.o(.text)
    services_init                            0x000172f1   Thumb Code   604  main.o(.text)
    conn_params_init                         0x0001754d   Thumb Code    90  main.o(.text)
    device_manager_evt_handler               0x000175a7   Thumb Code    36  main.o(.text)
    device_manager_init                      0x000175cb   Thumb Code   210  main.o(.text)
    system_off_mode_enter                    0x0001769d   Thumb Code    78  main.o(.text)
    on_sys_evt                               0x000176eb   Thumb Code    42  main.o(.text)
    sys_evt_dispatch                         0x00017715   Thumb Code    18  main.o(.text)
    application_timers_start                 0x00017727   Thumb Code    84  main.o(.text)
    on_ble_evt                               0x0001777b   Thumb Code   114  main.o(.text)
    ble_evt_dispatch                         0x000177ed   Thumb Code    40  main.o(.text)
    ble_stack_init                           0x00017815   Thumb Code   146  main.o(.text)
    gpiote_init                              0x000178a7   Thumb Code    42  main.o(.text)
    buttons_init                             0x000178d1   Thumb Code    46  main.o(.text)
    advertising_start                        0x000178ff   Thumb Code   114  main.o(.text)
    .text                                    0x000179bc   Section        0  app_button.o(.text)
    button_handler_execute                   0x000179bd   Thumb Code    82  app_button.o(.text)
    detection_delay_timeout_handler          0x00017a0f   Thumb Code   144  app_button.o(.text)
    gpiote_event_handler                     0x00017a9f   Thumb Code    52  app_button.o(.text)
    .text                                    0x00017c54   Section        0  app_gpiote.o(.text)
    sense_level_toggle                       0x00017c55   Thumb Code   128  app_gpiote.o(.text)
    pins_sense_disable                       0x00017d73   Thumb Code    98  app_gpiote.o(.text)
    NVIC_SetPriority                         0x0001802b   Thumb Code   110  app_gpiote.o(.text)
    .text                                    0x000180c0   Section        0  app_timer.o(.text)
    NVIC_SetPriority                         0x000180c1   Thumb Code   110  app_timer.o(.text)
    rtc1_init                                0x0001812f   Thumb Code    18  app_timer.o(.text)
    rtc1_start                               0x00018141   Thumb Code    48  app_timer.o(.text)
    rtc1_stop                                0x00018171   Thumb Code    68  app_timer.o(.text)
    timer_list_insert                        0x000181b5   Thumb Code   212  app_timer.o(.text)
    timer_list_remove                        0x00018289   Thumb Code   170  app_timer.o(.text)
    timer_timeouts_check_sched               0x00018333   Thumb Code    10  app_timer.o(.text)
    timer_list_handler_sched                 0x0001833d   Thumb Code    10  app_timer.o(.text)
    timeout_handler_exec                     0x00018347   Thumb Code    60  app_timer.o(.text)
    timer_timeouts_check                     0x00018383   Thumb Code   132  app_timer.o(.text)
    elapsed_ticks_acquire                    0x00018407   Thumb Code    82  app_timer.o(.text)
    list_deletions_handler                   0x00018459   Thumb Code   264  app_timer.o(.text)
    expired_timers_handler                   0x00018561   Thumb Code   100  app_timer.o(.text)
    list_insertions_handler                  0x000185c5   Thumb Code   264  app_timer.o(.text)
    compare_reg_update                       0x000186cd   Thumb Code   124  app_timer.o(.text)
    timer_list_handler                       0x00018749   Thumb Code    70  app_timer.o(.text)
    user_op_enque                            0x0001878f   Thumb Code     4  app_timer.o(.text)
    user_op_alloc                            0x00018793   Thumb Code    44  app_timer.o(.text)
    timer_start_op_schedule                  0x000187bf   Thumb Code    80  app_timer.o(.text)
    timer_stop_op_schedule                   0x0001880f   Thumb Code    58  app_timer.o(.text)
    timer_stop_all_op_schedule               0x00018849   Thumb Code    58  app_timer.o(.text)
    user_id_get                              0x00018a13   Thumb Code    34  app_timer.o(.text)
    NVIC_EnableIRQ                           0x00018b11   Thumb Code    14  app_timer.o(.text)
    NVIC_SetPendingIRQ                       0x00018b1f   Thumb Code    14  app_timer.o(.text)
    NVIC_ClearPendingIRQ                     0x00018b2d   Thumb Code    16  app_timer.o(.text)
    current_int_priority_get                 0x00018b3d   Thumb Code    84  app_timer.o(.text)
    rtc1_counter_get                         0x00018b91   Thumb Code     6  app_timer.o(.text)
    ticks_diff_get                           0x00018b97   Thumb Code    10  app_timer.o(.text)
    .text                                    0x00018bd0   Section        0  ble_advdata.o(.text)
    name_encode                              0x00018bd1   Thumb Code   150  ble_advdata.o(.text)
    appearance_encode                        0x00018c67   Thumb Code    74  ble_advdata.o(.text)
    uint8_array_encode                       0x00018cb1   Thumb Code    82  ble_advdata.o(.text)
    tx_power_level_encode                    0x00018d03   Thumb Code    48  ble_advdata.o(.text)
    uuid_list_sized_encode                   0x00018d33   Thumb Code   196  ble_advdata.o(.text)
    uuid_list_encode                         0x00018df7   Thumb Code    64  ble_advdata.o(.text)
    conn_int_check                           0x00018e37   Thumb Code    88  ble_advdata.o(.text)
    conn_int_encode                          0x00018e8f   Thumb Code    92  ble_advdata.o(.text)
    manuf_specific_data_encode               0x00018eeb   Thumb Code   106  ble_advdata.o(.text)
    service_data_encode                      0x00018f55   Thumb Code   140  ble_advdata.o(.text)
    adv_data_encode                          0x00018fe1   Thumb Code   302  ble_advdata.o(.text)
    advdata_check                            0x0001910f   Thumb Code    34  ble_advdata.o(.text)
    srdata_check                             0x00019131   Thumb Code    16  ble_advdata.o(.text)
    uint16_encode                            0x000191bb   Thumb Code    18  ble_advdata.o(.text)
    .text                                    0x000191d0   Section        0  ble_conn_params.o(.text)
    is_conn_params_ok                        0x000191d1   Thumb Code    30  ble_conn_params.o(.text)
    update_timeout_handler                   0x000191ef   Thumb Code   136  ble_conn_params.o(.text)
    conn_params_negotiation                  0x000192dd   Thumb Code   126  ble_conn_params.o(.text)
    on_connect                               0x0001935b   Thumb Code    48  ble_conn_params.o(.text)
    on_disconnect                            0x0001938b   Thumb Code    56  ble_conn_params.o(.text)
    on_write                                 0x000193c3   Thumb Code    84  ble_conn_params.o(.text)
    on_conn_params_update                    0x00019417   Thumb Code    20  ble_conn_params.o(.text)
    .text                                    0x000194e4   Section        0  ble_srv_common.o(.text)
    .text                                    0x00019554   Section        0  device_manager_peripheral.o(.text)
    connection_instance_find                 0x00019555   Thumb Code    64  device_manager_peripheral.o(.text)
    peer_instance_init                       0x00019595   Thumb Code    76  device_manager_peripheral.o(.text)
    device_instance_free                     0x000195e1   Thumb Code    44  device_manager_peripheral.o(.text)
    device_instance_find                     0x0001960d   Thumb Code    82  device_manager_peripheral.o(.text)
    connection_instance_init                 0x0001965f   Thumb Code    50  device_manager_peripheral.o(.text)
    storage_operation_dummy_handler          0x00019691   Thumb Code     8  device_manager_peripheral.o(.text)
    gatts_context_store                      0x00019699   Thumb Code   184  device_manager_peripheral.o(.text)
    gattc_context_store                      0x00019751   Thumb Code     6  device_manager_peripheral.o(.text)
    gatts_context_load                       0x00019757   Thumb Code    64  device_manager_peripheral.o(.text)
    gattc_context_load                       0x00019797   Thumb Code     6  device_manager_peripheral.o(.text)
    gatts_context_apply                      0x0001979d   Thumb Code   116  device_manager_peripheral.o(.text)
    gattc_context_apply                      0x00019811   Thumb Code     6  device_manager_peripheral.o(.text)
    dm_pstorage_cb_handler                   0x00019831   Thumb Code   546  device_manager_peripheral.o(.text)
    device_context_store                     0x0001a0d7   Thumb Code   172  device_manager_peripheral.o(.text)
    Update_RSSI                              0x0001a355   Thumb Code    98  device_manager_peripheral.o(.text)
    update_status_bit_reset                  0x0001a8fd   Thumb Code    16  device_manager_peripheral.o(.text)
    device_instance_allocate                 0x0001a90d   Thumb Code   118  device_manager_peripheral.o(.text)
    app_evt_notify                           0x0001a983   Thumb Code    24  device_manager_peripheral.o(.text)
    no_service_context_store                 0x0001a99b   Thumb Code     6  device_manager_peripheral.o(.text)
    gattsc_context_store                     0x0001a9a1   Thumb Code    30  device_manager_peripheral.o(.text)
    no_service_context_load                  0x0001a9bf   Thumb Code     6  device_manager_peripheral.o(.text)
    gattsc_context_load                      0x0001a9c5   Thumb Code    30  device_manager_peripheral.o(.text)
    no_service_context_apply                 0x0001a9e3   Thumb Code     6  device_manager_peripheral.o(.text)
    gattsc_context_apply                     0x0001a9e9   Thumb Code    60  device_manager_peripheral.o(.text)
    .text                                    0x0001aa24   Section        0  pstorage.o(.text)
    cmd_queue_element_init                   0x0001aa25   Thumb Code    56  pstorage.o(.text)
    cmd_queue_init                           0x0001aa5d   Thumb Code    40  pstorage.o(.text)
    swap_state_process                       0x0001aa85   Thumb Code   578  pstorage.o(.text)
    cmd_process                              0x0001acc7   Thumb Code   382  pstorage.o(.text)
    cmd_queue_enqueue                        0x0001ae45   Thumb Code   138  pstorage.o(.text)
    cmd_queue_dequeue                        0x0001aecf   Thumb Code    32  pstorage.o(.text)
    app_notify                               0x0001aeef   Thumb Code   100  pstorage.o(.text)
    is_word_aligned                          0x0001b6c3   Thumb Code    18  pstorage.o(.text)
    .text                                    0x0001b6e0   Section        0  softdevice_handler.o(.text)
    .text                                    0x0001b8a0   Section       84  arm_startup_nrf51.o(.text)
    .text                                    0x0001b8f4   Section        0  system_nrf51.o(.text)
    is_disabled_in_debug_needed              0x0001b8fd   Thumb Code    52  system_nrf51.o(.text)
    is_manual_peripheral_setup_needed        0x0001b931   Thumb Code   104  system_nrf51.o(.text)
    .text                                    0x0001b9dc   Section        0  memcmp.o(.text)
    .text                                    0x0001ba38   Section        0  strlen.o(.text)
    .text                                    0x0001ba7c   Section        0  rt_memcpy.o(.text)
    .text                                    0x0001bafe   Section        0  rt_memmove.o(.text)
    .text                                    0x0001bb94   Section        0  rt_memclr.o(.text)
    .text                                    0x0001bbd4   Section      346  aeabi_sdiv.o(.text)
    .text                                    0x0001bd2e   Section        0  heapauxi.o(.text)
    .text                                    0x0001bd34   Section       62  sys_stackheap_outer.o(.text)
    .text                                    0x0001bd72   Section        0  exit.o(.text)
    .text                                    0x0001bd80   Section        8  libspace.o(.text)
    .text                                    0x0001bd88   Section        0  sys_exit.o(.text)
    .text                                    0x0001bd94   Section        2  use_no_semi.o(.text)
    .text                                    0x0001bd96   Section        0  indicate_semi.o(.text)
    i.__ARM_common_switch8                   0x0001bd96   Section        0  pstorage.o(i.__ARM_common_switch8)
    .constdata                               0x0001bdb4   Section       12  main.o(.constdata)
    .constdata                               0x0001bdc0   Section       52  device_manager_peripheral.o(.constdata)
    .data                                    0x20002000   Section       74  ble_dis.o(.data)
    service_handle                           0x20002000   Data           2  ble_dis.o(.data)
    manufact_name_handles                    0x20002002   Data           8  ble_dis.o(.data)
    model_num_handles                        0x2000200a   Data           8  ble_dis.o(.data)
    serial_num_handles                       0x20002012   Data           8  ble_dis.o(.data)
    hw_rev_handles                           0x2000201a   Data           8  ble_dis.o(.data)
    fw_rev_handles                           0x20002022   Data           8  ble_dis.o(.data)
    sw_rev_handles                           0x2000202a   Data           8  ble_dis.o(.data)
    sys_id_handles                           0x20002032   Data           8  ble_dis.o(.data)
    reg_cert_data_list_handles               0x2000203a   Data           8  ble_dis.o(.data)
    pnp_id_handles                           0x20002042   Data           8  ble_dis.o(.data)
    .data                                    0x2000204c   Section       32  main.o(.data)
    m_cur_heart_rate                         0x2000204c   Data           2  main.o(.data)
    m_battery_timer_id                       0x20002050   Data           4  main.o(.data)
    m_heart_rate_timer_id                    0x20002054   Data           4  main.o(.data)
    m_memory_access_in_progress              0x20002058   Data           1  main.o(.data)
    m_app_handle                             0x20002059   Data           1  main.o(.data)
    buttons                                  0x2000205c   Data          16  main.o(.data)
    .data                                    0x2000206c   Section       32  app_button.o(.data)
    mp_buttons                               0x2000206c   Data           4  app_button.o(.data)
    m_button_count                           0x20002070   Data           1  app_button.o(.data)
    m_detection_delay                        0x20002074   Data           4  app_button.o(.data)
    m_evt_schedule_func                      0x20002078   Data           4  app_button.o(.data)
    m_gpiote_user_id                         0x2000207c   Data           1  app_button.o(.data)
    m_detection_delay_timer_id               0x20002080   Data           4  app_button.o(.data)
    m_pin_transition                         0x20002084   Data           8  app_button.o(.data)
    .data                                    0x2000208c   Section       12  app_gpiote.o(.data)
    m_enabled_users_mask                     0x2000208c   Data           4  app_gpiote.o(.data)
    m_user_array_size                        0x20002090   Data           1  app_gpiote.o(.data)
    m_user_count                             0x20002091   Data           1  app_gpiote.o(.data)
    mp_users                                 0x20002094   Data           4  app_gpiote.o(.data)
    .data                                    0x20002098   Section       41  app_timer.o(.data)
    m_node_array_size                        0x20002098   Data           1  app_timer.o(.data)
    mp_nodes                                 0x2000209c   Data           4  app_timer.o(.data)
    m_user_array_size                        0x200020a0   Data           1  app_timer.o(.data)
    mp_users                                 0x200020a4   Data           4  app_timer.o(.data)
    m_timer_id_head                          0x200020a8   Data           4  app_timer.o(.data)
    m_ticks_latest                           0x200020ac   Data           4  app_timer.o(.data)
    m_ticks_elapsed                          0x200020b0   Data           8  app_timer.o(.data)
    m_ticks_elapsed_q_read_ind               0x200020b8   Data           1  app_timer.o(.data)
    m_ticks_elapsed_q_write_ind              0x200020b9   Data           1  app_timer.o(.data)
    m_evt_schedule_func                      0x200020bc   Data           4  app_timer.o(.data)
    m_rtc1_running                           0x200020c0   Data           1  app_timer.o(.data)
    .data                                    0x200020c4   Section       25  ble_conn_params.o(.data)
    m_preferred_conn_params                  0x200020c4   Data           8  ble_conn_params.o(.data)
    m_update_count                           0x200020cc   Data           1  ble_conn_params.o(.data)
    m_conn_handle                            0x200020ce   Data           2  ble_conn_params.o(.data)
    m_current_conn_params                    0x200020d0   Data           8  ble_conn_params.o(.data)
    m_conn_params_timer_id                   0x200020d8   Data           4  ble_conn_params.o(.data)
    m_change_param                           0x200020dc   Data           1  ble_conn_params.o(.data)
    .data                                    0x200020e0   Section       21  device_manager_peripheral.o(.data)
    m_storage_handle                         0x200020e0   Data           8  device_manager_peripheral.o(.data)
    m_peer_addr_update                       0x200020e8   Data           4  device_manager_peripheral.o(.data)
    m_module_initialized                     0x200020ec   Data           1  device_manager_peripheral.o(.data)
    m_irk_index_table                        0x200020ed   Data           7  device_manager_peripheral.o(.data)
    idx                                      0x200020f4   Data           1  device_manager_peripheral.o(.data)
    .data                                    0x200020f8   Section       12  pstorage.o(.data)
    m_next_app_instance                      0x200020f8   Data           2  pstorage.o(.data)
    m_next_page_addr                         0x200020fc   Data           4  pstorage.o(.data)
    m_round_val                              0x20002100   Data           2  pstorage.o(.data)
    m_module_initialized                     0x20002102   Data           1  pstorage.o(.data)
    m_swap_state                             0x20002103   Data           1  pstorage.o(.data)
    .data                                    0x20002104   Section       20  softdevice_handler.o(.data)
    m_evt_schedule_func                      0x20002104   Data           4  softdevice_handler.o(.data)
    m_evt_buffer                             0x20002108   Data           4  softdevice_handler.o(.data)
    m_ble_evt_buffer_size                    0x2000210c   Data           2  softdevice_handler.o(.data)
    m_softdevice_enabled                     0x2000210e   Data           1  softdevice_handler.o(.data)
    m_ble_evt_handler                        0x20002110   Data           4  softdevice_handler.o(.data)
    m_sys_evt_handler                        0x20002114   Data           4  softdevice_handler.o(.data)
    .data                                    0x20002118   Section        4  system_nrf51.o(.data)
    __tagsym$$used                           0x20002118   Number         0  system_nrf51.o(.data)
    .bss                                     0x2000211c   Section      952  main.o(.bss)
    m_adv_params                             0x2000211c   Data          20  main.o(.bss)
    m_hrs                                    0x20002148   Data          80  main.o(.bss)
    APP_TIMER_BUF                            0x20002198   Data         728  main.o(.bss)
    EVT_BUFFER                               0x20002470   Data          80  main.o(.bss)
    app_gpiote_buf                           0x200024c0   Data          20  main.o(.bss)
    .bss                                     0x200024d4   Section       28  ble_conn_params.o(.bss)
    m_conn_params_config                     0x200024d4   Data          28  ble_conn_params.o(.bss)
    .bss                                     0x200024f0   Section      308  device_manager_peripheral.o(.bss)
    m_peer_table                             0x200024f0   Data         196  device_manager_peripheral.o(.bss)
    m_bond_table                             0x200025b4   Data          24  device_manager_peripheral.o(.bss)
    m_gatts_table                            0x200025cc   Data          24  device_manager_peripheral.o(.bss)
    m_connection_table                       0x200025e4   Data          12  device_manager_peripheral.o(.bss)
    m_application_table                      0x200025f0   Data          12  device_manager_peripheral.o(.bss)
    latest_rssi                              0x200025fc   Data          40  device_manager_peripheral.o(.bss)
    .bss                                     0x20002624   Section      220  pstorage.o(.bss)
    m_cmd_queue                              0x20002624   Data         204  pstorage.o(.bss)
    m_app_table                              0x200026f0   Data          16  pstorage.o(.bss)
    .bss                                     0x20002700   Section       96  libspace.o(.bss)
    HEAP                                     0x20002760   Section     2048  arm_startup_nrf51.o(HEAP)
    Heap_Mem                                 0x20002760   Data        2048  arm_startup_nrf51.o(HEAP)
    STACK                                    0x20002f60   Section     2048  arm_startup_nrf51.o(STACK)
    Stack_Mem                                0x20002f60   Data        2048  arm_startup_nrf51.o(STACK)
    __initial_sp                             0x20003760   Data           0  arm_startup_nrf51.o(STACK)

    Global Symbols

    Symbol Name                              Value     Ov Type        Size  Object(Section)

    BuildAttributes$$THM_ISAv3M$S$PE$A:L22$X:L11$S22$IEEE1$IW$USESV6$~STKCKD$USESV7$~SHL$OSPACE$ROPI$EBA8$UX$STANDARDLIB$REQ8$PRES8$EABIv2 0x00000000   Number         0  anon$$obj.o ABSOLUTE
    __ARM_use_no_argv                        0x00000000   Number         0  main.o ABSOLUTE
    __ARM_exceptions_init                     - Undefined Weak Reference
    __alloca_initialize                       - Undefined Weak Reference
    __cpp_initialize__aeabi_                  - Undefined Weak Reference
    __cxa_finalize                            - Undefined Weak Reference
    __rt_locale                               - Undefined Weak Reference
    __sigvec_lookup                           - Undefined Weak Reference
    _atexit_init                              - Undefined Weak Reference
    _call_atexit_fns                          - Undefined Weak Reference
    _clock_init                               - Undefined Weak Reference
    _fp_trap_init                             - Undefined Weak Reference
    _fp_trap_shutdown                         - Undefined Weak Reference
    _get_lc_collate                           - Undefined Weak Reference
    _get_lc_ctype                             - Undefined Weak Reference
    _get_lc_monetary                          - Undefined Weak Reference
    _get_lc_numeric                           - Undefined Weak Reference
    _get_lc_time                              - Undefined Weak Reference
    _getenv_init                              - Undefined Weak Reference
    _handle_redirection                       - Undefined Weak Reference
    _init_alloc                               - Undefined Weak Reference
    _init_user_alloc                          - Undefined Weak Reference
    _initio                                   - Undefined Weak Reference
    _rand_init                                - Undefined Weak Reference
    _signal_finish                            - Undefined Weak Reference
    _signal_init                              - Undefined Weak Reference
    _terminate_alloc                          - Undefined Weak Reference
    _terminate_user_alloc                     - Undefined Weak Reference
    _terminateio                              - Undefined Weak Reference
    __Vectors_Size                           0x000000c0   Number         0  arm_startup_nrf51.o ABSOLUTE
    __Vectors                                0x00016000   Data           4  arm_startup_nrf51.o(RESET)
    __Vectors_End                            0x000160c0   Data           0  arm_startup_nrf51.o(RESET)
    __main                                   0x000160c1   Thumb Code     8  __main.o(!!!main)
    __scatterload                            0x000160c9   Thumb Code     0  __scatter.o(!!!scatter)
    __scatterload_rt2                        0x000160c9   Thumb Code    52  __scatter.o(!!!scatter)
    __scatterload_rt2_thumb_only             0x000160c9   Thumb Code     0  __scatter.o(!!!scatter)
    __scatterload_null                       0x000160d9   Thumb Code     0  __scatter.o(!!!scatter)
    __scatterload_copy                       0x00016105   Thumb Code    26  __scatter_copy.o(!!handler_copy)
    __scatterload_zeroinit                   0x00016121   Thumb Code    28  __scatter_zi.o(!!handler_zi)
    __rt_lib_init                            0x0001613d   Thumb Code     0  libinit.o(.ARM.Collect$$libinit$$00000000)
    __rt_lib_init_fp_1                       0x0001613f   Thumb Code     0  libinit2.o(.ARM.Collect$$libinit$$00000001)
    __rt_lib_init_alloca_1                   0x00016143   Thumb Code     0  libinit2.o(.ARM.Collect$$libinit$$0000002C)
    __rt_lib_init_argv_1                     0x00016143   Thumb Code     0  libinit2.o(.ARM.Collect$$libinit$$0000002A)
    __rt_lib_init_atexit_1                   0x00016143   Thumb Code     0  libinit2.o(.ARM.Collect$$libinit$$00000019)
    __rt_lib_init_clock_1                    0x00016143   Thumb Code     0  libinit2.o(.ARM.Collect$$libinit$$0000001F)
    __rt_lib_init_cpp_1                      0x00016143   Thumb Code     0  libinit2.o(.ARM.Collect$$libinit$$00000030)
    __rt_lib_init_exceptions_1               0x00016143   Thumb Code     0  libinit2.o(.ARM.Collect$$libinit$$0000002E)
    __rt_lib_init_fp_trap_1                  0x00016143   Thumb Code     0  libinit2.o(.ARM.Collect$$libinit$$0000001D)
    __rt_lib_init_getenv_1                   0x00016143   Thumb Code     0  libinit2.o(.ARM.Collect$$libinit$$00000021)
    __rt_lib_init_heap_1                     0x00016143   Thumb Code     0  libinit2.o(.ARM.Collect$$libinit$$00000008)
    __rt_lib_init_lc_collate_1               0x00016143   Thumb Code     0  libinit2.o(.ARM.Collect$$libinit$$0000000F)
    __rt_lib_init_lc_ctype_1                 0x00016143   Thumb Code     0  libinit2.o(.ARM.Collect$$libinit$$00000011)
    __rt_lib_init_lc_monetary_1              0x00016143   Thumb Code     0  libinit2.o(.ARM.Collect$$libinit$$00000013)
    __rt_lib_init_lc_numeric_1               0x00016143   Thumb Code     0  libinit2.o(.ARM.Collect$$libinit$$00000015)
    __rt_lib_init_lc_time_1                  0x00016143   Thumb Code     0  libinit2.o(.ARM.Collect$$libinit$$00000017)
    __rt_lib_init_rand_1                     0x00016143   Thumb Code     0  libinit2.o(.ARM.Collect$$libinit$$0000000C)
    __rt_lib_init_return                     0x00016143   Thumb Code     0  libinit2.o(.ARM.Collect$$libinit$$00000031)
    __rt_lib_init_signal_1                   0x00016143   Thumb Code     0  libinit2.o(.ARM.Collect$$libinit$$0000001B)
    __rt_lib_init_stdio_1                    0x00016143   Thumb Code     0  libinit2.o(.ARM.Collect$$libinit$$00000023)
    __rt_lib_init_user_alloc_1               0x00016143   Thumb Code     0  libinit2.o(.ARM.Collect$$libinit$$0000000A)
    __rt_lib_shutdown                        0x00016145   Thumb Code     0  libshutdown.o(.ARM.Collect$$libshutdown$$00000000)
    __rt_lib_shutdown_fp_trap_1              0x00016147   Thumb Code     0  libshutdown2.o(.ARM.Collect$$libshutdown$$00000006)
    __rt_lib_shutdown_heap_1                 0x00016147   Thumb Code     0  libshutdown2.o(.ARM.Collect$$libshutdown$$0000000E)
    __rt_lib_shutdown_return                 0x00016147   Thumb Code     0  libshutdown2.o(.ARM.Collect$$libshutdown$$0000000F)
    __rt_lib_shutdown_signal_1               0x00016147   Thumb Code     0  libshutdown2.o(.ARM.Collect$$libshutdown$$00000009)
    __rt_lib_shutdown_stdio_1                0x00016147   Thumb Code     0  libshutdown2.o(.ARM.Collect$$libshutdown$$00000003)
    __rt_lib_shutdown_user_alloc_1           0x00016147   Thumb Code     0  libshutdown2.o(.ARM.Collect$$libshutdown$$0000000B)
    __rt_entry                               0x00016149   Thumb Code     0  rtentry.o(.ARM.Collect$$rtentry$$00000000)
    __rt_entry_presh_1                       0x00016149   Thumb Code     0  rtentry2.o(.ARM.Collect$$rtentry$$00000002)
    __rt_entry_sh                            0x00016149   Thumb Code     0  rtentry4.o(.ARM.Collect$$rtentry$$00000004)
    __rt_entry_li                            0x0001614f   Thumb Code     0  rtentry2.o(.ARM.Collect$$rtentry$$0000000A)
    __rt_entry_postsh_1                      0x0001614f   Thumb Code     0  rtentry2.o(.ARM.Collect$$rtentry$$00000009)
    __rt_entry_main                          0x00016153   Thumb Code     0  rtentry2.o(.ARM.Collect$$rtentry$$0000000D)
    __rt_entry_postli_1                      0x00016153   Thumb Code     0  rtentry2.o(.ARM.Collect$$rtentry$$0000000C)
    __rt_exit                                0x0001615b   Thumb Code     0  rtexit.o(.ARM.Collect$$rtexit$$00000000)
    __rt_exit_ls                             0x0001615d   Thumb Code     0  rtexit2.o(.ARM.Collect$$rtexit$$00000003)
    __rt_exit_prels_1                        0x0001615d   Thumb Code     0  rtexit2.o(.ARM.Collect$$rtexit$$00000002)
    __rt_exit_exit                           0x00016161   Thumb Code     0  rtexit2.o(.ARM.Collect$$rtexit$$00000004)
    __asm___11_app_timer_c_cd27f9c3__nrf_delay_us 0x00016169   Thumb Code    30  app_timer.o(.emb_text)
    __aeabi_memcpy4                          0x00016189   Thumb Code    56  rt_memcpy.o(.emb_text)
    __aeabi_memcpy8                          0x00016189   Thumb Code     0  rt_memcpy.o(.emb_text)
    ble_bas_on_ble_evt                       0x0001621f   Thumb Code    58  ble_bas.o(.text)
    ble_bas_init                             0x00016419   Thumb Code    66  ble_bas.o(.text)
    ble_bas_battery_level_update             0x0001645b   Thumb Code   118  ble_bas.o(.text)
    ble_dis_init                             0x00016701   Thumb Code   386  ble_dis.o(.text)
    ble_hrs_on_ble_evt                       0x00016943   Thumb Code    58  ble_hrs.o(.text)
    ble_hrs_init                             0x00016bc9   Thumb Code   108  ble_hrs.o(.text)
    ble_hrs_heart_rate_measurement_send      0x00016c35   Thumb Code    94  ble_hrs.o(.text)
    ble_hrs_rr_interval_add                  0x00016c93   Thumb Code    60  ble_hrs.o(.text)
    ble_hrs_rr_interval_buffer_is_full       0x00016ccf   Thumb Code    18  ble_hrs.o(.text)
    ble_hrs_sensor_contact_supported_set     0x00016ce1   Thumb Code    20  ble_hrs.o(.text)
    ble_hrs_sensor_contact_detected_update   0x00016cf5   Thumb Code     6  ble_hrs.o(.text)
    ble_hrs_body_sensor_location_set         0x00016cfb   Thumb Code    24  ble_hrs.o(.text)
    ADC_IRQHandler                           0x00016d31   Thumb Code   108  battery.o(.text)
    battery_start                            0x00016d9d   Thumb Code   132  battery.o(.text)
    led_start                                0x00016f6d   Thumb Code    34  led.o(.text)
    led_stop                                 0x00016f8f   Thumb Code    30  led.o(.text)
    led_off                                  0x00016fad   Thumb Code    10  led.o(.text)
    led_on                                   0x00016fb7   Thumb Code    10  led.o(.text)
    led_blink                                0x00016fc1   Thumb Code    10  led.o(.text)
    app_error_handler                        0x000170a5   Thumb Code    22  main.o(.text)
    assert_nrf_callback                      0x000170bb   Thumb Code    14  main.o(.text)
    main                                     0x00017971   Thumb Code    68  main.o(.text)
    app_button_init                          0x00017ad3   Thumb Code   132  app_button.o(.text)
    app_button_enable                        0x00017b57   Thumb Code    24  app_button.o(.text)
    app_button_disable                       0x00017b6f   Thumb Code    42  app_button.o(.text)
    app_button_is_pushed                     0x00017b99   Thumb Code   124  app_button.o(.text)
    GPIOTE_IRQHandler                        0x00017cd5   Thumb Code   158  app_gpiote.o(.text)
    app_gpiote_init                          0x00017dd5   Thumb Code   116  app_gpiote.o(.text)
    app_gpiote_user_register                 0x00017e49   Thumb Code   138  app_gpiote.o(.text)
    app_gpiote_user_enable                   0x00017ed3   Thumb Code   226  app_gpiote.o(.text)
    app_gpiote_user_disable                  0x00017fb5   Thumb Code    66  app_gpiote.o(.text)
    app_gpiote_pins_state_get                0x00017ff7   Thumb Code    52  app_gpiote.o(.text)
    RTC1_IRQHandler                          0x00018883   Thumb Code    34  app_timer.o(.text)
    SWI0_IRQHandler                          0x000188a5   Thumb Code     8  app_timer.o(.text)
    app_timer_init                           0x000188ad   Thumb Code   250  app_timer.o(.text)
    app_timer_create                         0x000189a7   Thumb Code   108  app_timer.o(.text)
    app_timer_start                          0x00018a35   Thumb Code    98  app_timer.o(.text)
    app_timer_stop                           0x00018a97   Thumb Code    60  app_timer.o(.text)
    app_timer_stop_all                       0x00018ad3   Thumb Code    26  app_timer.o(.text)
    app_timer_cnt_get                        0x00018aed   Thumb Code    14  app_timer.o(.text)
    app_timer_cnt_diff_compute               0x00018afb   Thumb Code    22  app_timer.o(.text)
    ble_advdata_set                          0x00019141   Thumb Code   122  ble_advdata.o(.text)
    ble_conn_params_init                     0x00019277   Thumb Code    90  ble_conn_params.o(.text)
    ble_conn_params_stop                     0x000192d1   Thumb Code    12  ble_conn_params.o(.text)
    ble_conn_params_on_ble_evt               0x0001942b   Thumb Code    62  ble_conn_params.o(.text)
    ble_conn_params_change_conn_params       0x00019469   Thumb Code    86  ble_conn_params.o(.text)
    ble_srv_report_ref_encode                0x000194e5   Thumb Code    60  ble_srv_common.o(.text)
    ble_srv_ascii_to_utf8                    0x00019521   Thumb Code    18  ble_srv_common.o(.text)
    dm_handle_initialize                     0x00019817   Thumb Code    26  device_manager_peripheral.o(.text)
    dm_init                                  0x00019a53   Thumb Code   222  device_manager_peripheral.o(.text)
    dm_register                              0x00019b31   Thumb Code    98  device_manager_peripheral.o(.text)
    dm_security_setup_req                    0x00019b93   Thumb Code   140  device_manager_peripheral.o(.text)
    dm_security_status_req                   0x00019c1f   Thumb Code   158  device_manager_peripheral.o(.text)
    dm_whitelist_create                      0x00019cbd   Thumb Code   194  device_manager_peripheral.o(.text)
    dm_device_add                            0x00019d7f   Thumb Code     8  device_manager_peripheral.o(.text)
    dm_device_delete                         0x00019d87   Thumb Code   142  device_manager_peripheral.o(.text)
    dm_device_delete_all                     0x00019e15   Thumb Code    98  device_manager_peripheral.o(.text)
    dm_service_context_set                   0x00019e77   Thumb Code   210  device_manager_peripheral.o(.text)
    dm_service_context_get                   0x00019f49   Thumb Code   204  device_manager_peripheral.o(.text)
    dm_service_context_delete                0x0001a015   Thumb Code    96  device_manager_peripheral.o(.text)
    dm_application_context_set               0x0001a075   Thumb Code     8  device_manager_peripheral.o(.text)
    dm_application_context_get               0x0001a07d   Thumb Code     8  device_manager_peripheral.o(.text)
    dm_application_context_delete            0x0001a085   Thumb Code     8  device_manager_peripheral.o(.text)
    dm_application_instance_set              0x0001a08d   Thumb Code    74  device_manager_peripheral.o(.text)
    dm_peer_addr_set                         0x0001a183   Thumb Code   228  device_manager_peripheral.o(.text)
    dm_peer_addr_get                         0x0001a267   Thumb Code   176  device_manager_peripheral.o(.text)
    bond_data_load                           0x0001a317   Thumb Code    62  device_manager_peripheral.o(.text)
    dm_ble_evt_handler                       0x0001a3b7   Thumb Code  1350  device_manager_peripheral.o(.text)
    pstorage_sys_event_handler               0x0001af53   Thumb Code   326  pstorage.o(.text)
    pstorage_init                            0x0001b099   Thumb Code   196  pstorage.o(.text)
    pstorage_register                        0x0001b15d   Thumb Code   396  pstorage.o(.text)
    pstorage_block_identifier_get            0x0001b2e9   Thumb Code   136  pstorage.o(.text)
    pstorage_store                           0x0001b371   Thumb Code   202  pstorage.o(.text)
    pstorage_update                          0x0001b43b   Thumb Code   202  pstorage.o(.text)
    pstorage_load                            0x0001b505   Thumb Code   226  pstorage.o(.text)
    pstorage_clear                           0x0001b5e7   Thumb Code   184  pstorage.o(.text)
    pstorage_access_status_get               0x0001b69f   Thumb Code    36  pstorage.o(.text)
    softdevice_assertion_handler             0x0001b6e1   Thumb Code    18  softdevice_handler.o(.text)
    intern_softdevice_events_execute         0x0001b6f3   Thumb Code   168  softdevice_handler.o(.text)
    softdevice_handler_init                  0x0001b79b   Thumb Code    84  softdevice_handler.o(.text)
    softdevice_handler_sd_disable            0x0001b7ef   Thumb Code    24  softdevice_handler.o(.text)
    softdevice_ble_evt_handler_set           0x0001b807   Thumb Code    18  softdevice_handler.o(.text)
    softdevice_sys_evt_handler_set           0x0001b819   Thumb Code    18  softdevice_handler.o(.text)
    SWI2_IRQHandler                          0x0001b82b   Thumb Code    52  softdevice_handler.o(.text)
    Reset_Handler                            0x0001b8a1   Thumb Code    26  arm_startup_nrf51.o(.text)
    NMI_Handler                              0x0001b8bb   Thumb Code     2  arm_startup_nrf51.o(.text)
    HardFault_Handler                        0x0001b8bd   Thumb Code     2  arm_startup_nrf51.o(.text)
    SVC_Handler                              0x0001b8bf   Thumb Code     2  arm_startup_nrf51.o(.text)
    PendSV_Handler                           0x0001b8c1   Thumb Code     2  arm_startup_nrf51.o(.text)
    SysTick_Handler                          0x0001b8c3   Thumb Code     2  arm_startup_nrf51.o(.text)
    CCM_AAR_IRQHandler                       0x0001b8c5   Thumb Code     0  arm_startup_nrf51.o(.text)
    ECB_IRQHandler                           0x0001b8c5   Thumb Code     0  arm_startup_nrf51.o(.text)
    LPCOMP_IRQHandler                        0x0001b8c5   Thumb Code     0  arm_startup_nrf51.o(.text)
    POWER_CLOCK_IRQHandler                   0x0001b8c5   Thumb Code     0  arm_startup_nrf51.o(.text)
    QDEC_IRQHandler                          0x0001b8c5   Thumb Code     0  arm_startup_nrf51.o(.text)
    RADIO_IRQHandler                         0x0001b8c5   Thumb Code     0  arm_startup_nrf51.o(.text)
    RNG_IRQHandler                           0x0001b8c5   Thumb Code     0  arm_startup_nrf51.o(.text)
    RTC0_IRQHandler                          0x0001b8c5   Thumb Code     0  arm_startup_nrf51.o(.text)
    SPI0_TWI0_IRQHandler                     0x0001b8c5   Thumb Code     0  arm_startup_nrf51.o(.text)
    SPI1_TWI1_IRQHandler                     0x0001b8c5   Thumb Code     0  arm_startup_nrf51.o(.text)
    SWI1_IRQHandler                          0x0001b8c5   Thumb Code     0  arm_startup_nrf51.o(.text)
    SWI3_IRQHandler                          0x0001b8c5   Thumb Code     0  arm_startup_nrf51.o(.text)
    SWI4_IRQHandler                          0x0001b8c5   Thumb Code     0  arm_startup_nrf51.o(.text)
    SWI5_IRQHandler                          0x0001b8c5   Thumb Code     0  arm_startup_nrf51.o(.text)
    TEMP_IRQHandler                          0x0001b8c5   Thumb Code     0  arm_startup_nrf51.o(.text)
    TIMER0_IRQHandler                        0x0001b8c5   Thumb Code     0  arm_startup_nrf51.o(.text)
    TIMER1_IRQHandler                        0x0001b8c5   Thumb Code     0  arm_startup_nrf51.o(.text)
    TIMER2_IRQHandler                        0x0001b8c5   Thumb Code     0  arm_startup_nrf51.o(.text)
    UART0_IRQHandler                         0x0001b8c5   Thumb Code     0  arm_startup_nrf51.o(.text)
    WDT_IRQHandler                           0x0001b8c5   Thumb Code     0  arm_startup_nrf51.o(.text)
    __user_initial_stackheap                 0x0001b8c9   Thumb Code     0  arm_startup_nrf51.o(.text)
    SystemCoreClockUpdate                    0x0001b8f5   Thumb Code     8  system_nrf51.o(.text)
    SystemInit                               0x0001b999   Thumb Code    38  system_nrf51.o(.text)
    memcmp                                   0x0001b9dd   Thumb Code    90  memcmp.o(.text)
    strlen                                   0x0001ba39   Thumb Code    62  strlen.o(.text)
    __aeabi_memcpy                           0x0001ba7d   Thumb Code   130  rt_memcpy.o(.text)
    __rt_memcpy                              0x0001ba7d   Thumb Code     0  rt_memcpy.o(.text)
    __aeabi_memmove4                         0x0001baff   Thumb Code    70  rt_memmove.o(.text)
    __aeabi_memmove8                         0x0001baff   Thumb Code     0  rt_memmove.o(.text)
    __aeabi_memmove                          0x0001bb45   Thumb Code    80  rt_memmove.o(.text)
    __rt_memmove                             0x0001bb45   Thumb Code     0  rt_memmove.o(.text)
    _memset_w                                0x0001bb95   Thumb Code    26  rt_memclr.o(.text)
    _memset                                  0x0001bbaf   Thumb Code    30  rt_memclr.o(.text)
    __aeabi_memclr                           0x0001bbcd   Thumb Code     4  rt_memclr.o(.text)
    __rt_memclr                              0x0001bbcd   Thumb Code     0  rt_memclr.o(.text)
    __aeabi_memclr4                          0x0001bbd1   Thumb Code     0  rt_memclr.o(.text)
    __aeabi_memclr8                          0x0001bbd1   Thumb Code     0  rt_memclr.o(.text)
    __rt_memclr_w                            0x0001bbd1   Thumb Code     4  rt_memclr.o(.text)
    __aeabi_uidiv                            0x0001bbd5   Thumb Code     0  aeabi_sdiv.o(.text)
    __aeabi_uidivmod                         0x0001bbd5   Thumb Code    20  aeabi_sdiv.o(.text)
    __aeabi_idiv                             0x0001bbe9   Thumb Code     0  aeabi_sdiv.o(.text)
    __aeabi_idivmod                          0x0001bbe9   Thumb Code   326  aeabi_sdiv.o(.text)
    __use_two_region_memory                  0x0001bd2f   Thumb Code     2  heapauxi.o(.text)
    __rt_heap_escrow$2region                 0x0001bd31   Thumb Code     2  heapauxi.o(.text)
    __rt_heap_expand$2region                 0x0001bd33   Thumb Code     2  heapauxi.o(.text)
    __user_setup_stackheap                   0x0001bd35   Thumb Code    62  sys_stackheap_outer.o(.text)
    exit                                     0x0001bd73   Thumb Code    12  exit.o(.text)
    __user_libspace                          0x0001bd81   Thumb Code     8  libspace.o(.text)
    __user_perproc_libspace                  0x0001bd81   Thumb Code     0  libspace.o(.text)
    __user_perthread_libspace                0x0001bd81   Thumb Code     0  libspace.o(.text)
    _sys_exit                                0x0001bd89   Thumb Code     8  sys_exit.o(.text)
    __I$use$semihosting                      0x0001bd95   Thumb Code     0  use_no_semi.o(.text)
    __use_no_semihosting_swi                 0x0001bd95   Thumb Code     2  use_no_semi.o(.text)
    __ARM_common_switch8                     0x0001bd97   Thumb Code    28  pstorage.o(i.__ARM_common_switch8)
    __semihosting_library_function           0x0001bd97   Thumb Code     0  indicate_semi.o(.text)
    m_service_context_store                  0x0001bdc0   Data          16  device_manager_peripheral.o(.constdata)
    m_service_context_load                   0x0001bdd0   Data          16  device_manager_peripheral.o(.constdata)
    m_service_context_apply                  0x0001bde0   Data          16  device_manager_peripheral.o(.constdata)
    m_context_init_len                       0x0001bdf0   Data           4  device_manager_peripheral.o(.constdata)
    Region$$Table$$Base                      0x0001bdf4   Number         0  anon$$obj.o(Region$$Table)
    Region$$Table$$Limit                     0x0001be14   Number         0  anon$$obj.o(Region$$Table)
    SystemCoreClock                          0x20002118   Data           4  system_nrf51.o(.data)
    bas                                      0x20002130   Data          24  main.o(.bss)
    __libspace_start                         0x20002700   Data          96  libspace.o(.bss)
    __temporary_stack_top$libspace           0x20002760   Data           0  libspace.o(.bss)



==============================================================================

Memory Map of the image

  Image Entry point : 0x000160c1

  Load Region LR_IROM1 (Base: 0x00016000, Size: 0x00005f30, Max: 0x00029000, ABSOLUTE)

    Execution Region ER_IROM1 (Base: 0x00016000, Size: 0x00005e14, Max: 0x00029000, ABSOLUTE)

    Base Addr    Size         Type   Attr      Idx    E Section Name        Object

    0x00016000   0x000000c0   Data   RO          823    RESET               arm_startup_nrf51.o
    0x000160c0   0x00000008   Code   RO          876  * !!!main             c_p.l(__main.o)
    0x000160c8   0x0000003c   Code   RO         1042    !!!scatter          c_p.l(__scatter.o)
    0x00016104   0x0000001a   Code   RO         1044    !!handler_copy      c_p.l(__scatter_copy.o)
    0x0001611e   0x00000002   PAD
    0x00016120   0x0000001c   Code   RO         1046    !!handler_zi        c_p.l(__scatter_zi.o)
    0x0001613c   0x00000002   Code   RO          914    .ARM.Collect$$libinit$$00000000  c_p.l(libinit.o)
    0x0001613e   0x00000004   Code   RO          927    .ARM.Collect$$libinit$$00000001  c_p.l(libinit2.o)
    0x00016142   0x00000000   Code   RO          931    .ARM.Collect$$libinit$$00000008  c_p.l(libinit2.o)
    0x00016142   0x00000000   Code   RO          933    .ARM.Collect$$libinit$$0000000A  c_p.l(libinit2.o)
    0x00016142   0x00000000   Code   RO          935    .ARM.Collect$$libinit$$0000000C  c_p.l(libinit2.o)
    0x00016142   0x00000000   Code   RO          938    .ARM.Collect$$libinit$$0000000F  c_p.l(libinit2.o)
    0x00016142   0x00000000   Code   RO          940    .ARM.Collect$$libinit$$00000011  c_p.l(libinit2.o)
    0x00016142   0x00000000   Code   RO          942    .ARM.Collect$$libinit$$00000013  c_p.l(libinit2.o)
    0x00016142   0x00000000   Code   RO          944    .ARM.Collect$$libinit$$00000015  c_p.l(libinit2.o)
    0x00016142   0x00000000   Code   RO          946    .ARM.Collect$$libinit$$00000017  c_p.l(libinit2.o)
    0x00016142   0x00000000   Code   RO          948    .ARM.Collect$$libinit$$00000019  c_p.l(libinit2.o)
    0x00016142   0x00000000   Code   RO          950    .ARM.Collect$$libinit$$0000001B  c_p.l(libinit2.o)
    0x00016142   0x00000000   Code   RO          952    .ARM.Collect$$libinit$$0000001D  c_p.l(libinit2.o)
    0x00016142   0x00000000   Code   RO          954    .ARM.Collect$$libinit$$0000001F  c_p.l(libinit2.o)
    0x00016142   0x00000000   Code   RO          956    .ARM.Collect$$libinit$$00000021  c_p.l(libinit2.o)
    0x00016142   0x00000000   Code   RO          958    .ARM.Collect$$libinit$$00000023  c_p.l(libinit2.o)
    0x00016142   0x00000000   Code   RO          962    .ARM.Collect$$libinit$$0000002A  c_p.l(libinit2.o)
    0x00016142   0x00000000   Code   RO          964    .ARM.Collect$$libinit$$0000002C  c_p.l(libinit2.o)
    0x00016142   0x00000000   Code   RO          966    .ARM.Collect$$libinit$$0000002E  c_p.l(libinit2.o)
    0x00016142   0x00000000   Code   RO          968    .ARM.Collect$$libinit$$00000030  c_p.l(libinit2.o)
    0x00016142   0x00000002   Code   RO          969    .ARM.Collect$$libinit$$00000031  c_p.l(libinit2.o)
    0x00016144   0x00000002   Code   RO         1000    .ARM.Collect$$libshutdown$$00000000  c_p.l(libshutdown.o)
    0x00016146   0x00000000   Code   RO         1027    .ARM.Collect$$libshutdown$$00000003  c_p.l(libshutdown2.o)
    0x00016146   0x00000000   Code   RO         1030    .ARM.Collect$$libshutdown$$00000006  c_p.l(libshutdown2.o)
    0x00016146   0x00000000   Code   RO         1033    .ARM.Collect$$libshutdown$$00000009  c_p.l(libshutdown2.o)
    0x00016146   0x00000000   Code   RO         1035    .ARM.Collect$$libshutdown$$0000000B  c_p.l(libshutdown2.o)
    0x00016146   0x00000000   Code   RO         1038    .ARM.Collect$$libshutdown$$0000000E  c_p.l(libshutdown2.o)
    0x00016146   0x00000002   Code   RO         1039    .ARM.Collect$$libshutdown$$0000000F  c_p.l(libshutdown2.o)
    0x00016148   0x00000000   Code   RO          878    .ARM.Collect$$rtentry$$00000000  c_p.l(rtentry.o)
    0x00016148   0x00000000   Code   RO          884    .ARM.Collect$$rtentry$$00000002  c_p.l(rtentry2.o)
    0x00016148   0x00000006   Code   RO          896    .ARM.Collect$$rtentry$$00000004  c_p.l(rtentry4.o)
    0x0001614e   0x00000000   Code   RO          886    .ARM.Collect$$rtentry$$00000009  c_p.l(rtentry2.o)
    0x0001614e   0x00000004   Code   RO          887    .ARM.Collect$$rtentry$$0000000A  c_p.l(rtentry2.o)
    0x00016152   0x00000000   Code   RO          889    .ARM.Collect$$rtentry$$0000000C  c_p.l(rtentry2.o)
    0x00016152   0x00000008   Code   RO          890    .ARM.Collect$$rtentry$$0000000D  c_p.l(rtentry2.o)
    0x0001615a   0x00000002   Code   RO          919    .ARM.Collect$$rtexit$$00000000  c_p.l(rtexit.o)
    0x0001615c   0x00000000   Code   RO          973    .ARM.Collect$$rtexit$$00000002  c_p.l(rtexit2.o)
    0x0001615c   0x00000004   Code   RO          974    .ARM.Collect$$rtexit$$00000003  c_p.l(rtexit2.o)
    0x00016160   0x00000006   Code   RO          975    .ARM.Collect$$rtexit$$00000004  c_p.l(rtexit2.o)
    0x00016166   0x00000002   PAD
    0x00016168   0x0000001e   Code   RO          468    .emb_text           app_timer.o
    0x00016186   0x00000002   PAD
    0x00016188   0x00000038   Code   RO          860    .emb_text           c_p.l(rt_memcpy.o)
    0x000161c0   0x00000320   Code   RO            1    .text               ble_bas.o
    0x000164e0   0x000003fc   Code   RO           72    .text               ble_dis.o
    0x000168dc   0x00000454   Code   RO          128    .text               ble_hrs.o
    0x00016d30   0x000001c4   Code   RO          148    .text               battery.o
    0x00016ef4   0x00000198   Code   RO          267    .text               led.o
    0x0001708c   0x00000930   Code   RO          305    .text               main.o
    0x000179bc   0x00000298   Code   RO          394    .text               app_button.o
    0x00017c54   0x0000046c   Code   RO          434    .text               app_gpiote.o
    0x000180c0   0x00000b10   Code   RO          469    .text               app_timer.o
    0x00018bd0   0x00000600   Code   RO          559    .text               ble_advdata.o
    0x000191d0   0x00000314   Code   RO          577    .text               ble_conn_params.o
    0x000194e4   0x00000070   Code   RO          659    .text               ble_srv_common.o
    0x00019554   0x000014d0   Code   RO          691    .text               device_manager_peripheral.o
    0x0001aa24   0x00000cbc   Code   RO          728    .text               pstorage.o
    0x0001b6e0   0x000001c0   Code   RO          789    .text               softdevice_handler.o
    0x0001b8a0   0x00000054   Code   RO          824    .text               arm_startup_nrf51.o
    0x0001b8f4   0x000000e8   Code   RO          830    .text               system_nrf51.o
    0x0001b9dc   0x0000005a   Code   RO          856    .text               c_p.l(memcmp.o)
    0x0001ba36   0x00000002   PAD
    0x0001ba38   0x00000044   Code   RO          858    .text               c_p.l(strlen.o)
    0x0001ba7c   0x00000082   Code   RO          861    .text               c_p.l(rt_memcpy.o)
    0x0001bafe   0x00000096   Code   RO          864    .text               c_p.l(rt_memmove.o)
    0x0001bb94   0x00000040   Code   RO          866    .text               c_p.l(rt_memclr.o)
    0x0001bbd4   0x0000015a   Code   RO          870    .text               c_p.l(aeabi_sdiv.o)
    0x0001bd2e   0x00000006   Code   RO          874    .text               c_p.l(heapauxi.o)
    0x0001bd34   0x0000003e   Code   RO          900    .text               c_p.l(sys_stackheap_outer.o)
    0x0001bd72   0x0000000c   Code   RO          903    .text               c_p.l(exit.o)
    0x0001bd7e   0x00000002   PAD
    0x0001bd80   0x00000008   Code   RO          915    .text               c_p.l(libspace.o)
    0x0001bd88   0x0000000c   Code   RO          970    .text               c_p.l(sys_exit.o)
    0x0001bd94   0x00000002   Code   RO          989    .text               c_p.l(use_no_semi.o)
    0x0001bd96   0x00000000   Code   RO          991    .text               c_p.l(indicate_semi.o)
    0x0001bd96   0x0000001c   Code   RO          746    i.__ARM_common_switch8  pstorage.o
    0x0001bdb2   0x00000002   PAD
    0x0001bdb4   0x0000000c   Data   RO          307    .constdata          main.o
    0x0001bdc0   0x00000034   Data   RO          693    .constdata          device_manager_peripheral.o
    0x0001bdf4   0x00000020   Data   RO         1040    Region$$Table       anon$$obj.o


    Execution Region RW_IRAM1 (Base: 0x20002000, Size: 0x00001760, Max: 0x00002000, ABSOLUTE)

    Base Addr    Size         Type   Attr      Idx    E Section Name        Object

    0x20002000   0x0000004a   Data   RW           73    .data               ble_dis.o
    0x2000204a   0x00000002   PAD
    0x2000204c   0x00000020   Data   RW          308    .data               main.o
    0x2000206c   0x00000020   Data   RW          395    .data               app_button.o
    0x2000208c   0x0000000c   Data   RW          435    .data               app_gpiote.o
    0x20002098   0x00000029   Data   RW          470    .data               app_timer.o
    0x200020c1   0x00000003   PAD
    0x200020c4   0x00000019   Data   RW          579    .data               ble_conn_params.o
    0x200020dd   0x00000003   PAD
    0x200020e0   0x00000015   Data   RW          694    .data               device_manager_peripheral.o
    0x200020f5   0x00000003   PAD
    0x200020f8   0x0000000c   Data   RW          730    .data               pstorage.o
    0x20002104   0x00000014   Data   RW          790    .data               softdevice_handler.o
    0x20002118   0x00000004   Data   RW          831    .data               system_nrf51.o
    0x2000211c   0x000003b8   Zero   RW          306    .bss                main.o
    0x200024d4   0x0000001c   Zero   RW          578    .bss                ble_conn_params.o
    0x200024f0   0x00000134   Zero   RW          692    .bss                device_manager_peripheral.o
    0x20002624   0x000000dc   Zero   RW          729    .bss                pstorage.o
    0x20002700   0x00000060   Zero   RW          916    .bss                c_p.l(libspace.o)
    0x20002760   0x00000800   Zero   RW          822    HEAP                arm_startup_nrf51.o
    0x20002f60   0x00000800   Zero   RW          821    STACK               arm_startup_nrf51.o


==============================================================================

Image component sizes


      Code (inc. data)   RO Data    RW Data    ZI Data      Debug   Object Name

       664         64          0         32          0      10124   app_button.o
      1132         40          0         12          0      12666   app_gpiote.o
      2862        182          0         41          0      24385   app_timer.o
        84         36        192          0       4096        652   arm_startup_nrf51.o
       452         64          0          0          0      47219   battery.o
      1536          4          0          0          0       8274   ble_advdata.o
       800         16          0          0          0      41827   ble_bas.o
       788         38          0         25         28       5186   ble_conn_params.o
      1020         72          0         74          0      28251   ble_dis.o
      1108         12          0          0          0       8922   ble_hrs.o
       112         34          0          0          0       1386   ble_srv_common.o
      5328        280         52         21        308      24604   device_manager_peripheral.o
       408         48          0          0          0       6514   led.o
      2352        196         12         32        952      36651   main.o
      3288         94          0         12        220      11738   pstorage.o
       448         66          0         20          0       6876   softdevice_handler.o
       232         30          0          4          0       1249   system_nrf51.o

    ----------------------------------------------------------------------
     22618       1276        288        284       5604     276524   Object Totals
         0          0         32          0          0          0   (incl. Generated)
         4          0          0         11          0          0   (incl. Padding)

    ----------------------------------------------------------------------

      Code (inc. data)   RO Data    RW Data    ZI Data      Debug   Library Member Name

         8          0          0          0          0         68   __main.o
        60          8          0          0          0          0   __scatter.o
        26          0          0          0          0          0   __scatter_copy.o
        28          0          0          0          0          0   __scatter_zi.o
       346          0          0          0          0         92   aeabi_sdiv.o
        12          0          0          0          0         64   exit.o
         6          0          0          0          0        136   heapauxi.o
         0          0          0          0          0          0   indicate_semi.o
         2          0          0          0          0          0   libinit.o
         6          0          0          0          0          0   libinit2.o
         2          0          0          0          0          0   libshutdown.o
         2          0          0          0          0          0   libshutdown2.o
         8          4          0          0         96         68   libspace.o
        90          0          0          0          0         68   memcmp.o
        64          0          0          0          0        108   rt_memclr.o
       186          0          0          0          0        144   rt_memcpy.o
       150          0          0          0          0        104   rt_memmove.o
         0          0          0          0          0          0   rtentry.o
        12          0          0          0          0          0   rtentry2.o
         6          0          0          0          0          0   rtentry4.o
         2          0          0          0          0          0   rtexit.o
        10          0          0          0          0          0   rtexit2.o
        68          6          0          0          0         72   strlen.o
        12          4          0          0          0         60   sys_exit.o
        62          0          0          0          0         80   sys_stackheap_outer.o
         2          0          0          0          0         68   use_no_semi.o

    ----------------------------------------------------------------------
      1178         22          0          0         96       1132   Library Totals
         8          0          0          0          0          0   (incl. Padding)

    ----------------------------------------------------------------------

      Code (inc. data)   RO Data    RW Data    ZI Data      Debug   Library Name

      1170         22          0          0         96       1132   c_p.l

    ----------------------------------------------------------------------
      1178         22          0          0         96       1132   Library Totals

    ----------------------------------------------------------------------

==============================================================================


      Code (inc. data)   RO Data    RW Data    ZI Data      Debug   

     23796       1298        288        284       5700     276176   Grand Totals
     23796       1298        288        284       5700     276176   ELF Image Totals
     23796       1298        288        284          0          0   ROM Totals

==============================================================================

    Total RO  Size (Code + RO Data)                24084 (  23.52kB)
    Total RW  Size (RW Data + ZI Data)              5984 (   5.84kB)
    Total ROM Size (Code + RO Data + RW Data)      24368 (  23.80kB)

==============================================================================

